Product: MDK-ARM Lite 5.10
Component: ARM Compiler 5.04 update 1 (build 49)
Tool: armlink [5040049]

==============================================================================

Section Cross References

    arm_startup_nrf51.o(STACK) refers (Special) to heapauxi.o(.text) for __use_two_region_memory
    arm_startup_nrf51.o(HEAP) refers (Special) to heapauxi.o(.text) for __use_two_region_memory
    arm_startup_nrf51.o(RESET) refers (Special) to heapauxi.o(.text) for __use_two_region_memory
    arm_startup_nrf51.o(RESET) refers to arm_startup_nrf51.o(STACK) for __initial_sp
    arm_startup_nrf51.o(RESET) refers to arm_startup_nrf51.o(.text) for Reset_Handler
    arm_startup_nrf51.o(RESET) refers to main.o(.text) for UART0_IRQHandler
    arm_startup_nrf51.o(RESET) refers to ble_pwm.o(.text) for TIMER2_IRQHandler
    arm_startup_nrf51.o(RESET) refers to app_timer.o(.text) for RTC1_IRQHandler
    arm_startup_nrf51.o(RESET) refers to softdevice_handler.o(.text) for SWI2_IRQHandler
    arm_startup_nrf51.o(.text) refers (Special) to heapauxi.o(.text) for __use_two_region_memory
    arm_startup_nrf51.o(.text) refers to system_nrf51.o(.text) for SystemInit
    arm_startup_nrf51.o(.text) refers to __main.o(!!!main) for __main
    arm_startup_nrf51.o(.text) refers to arm_startup_nrf51.o(HEAP) for Heap_Mem
    arm_startup_nrf51.o(.text) refers to arm_startup_nrf51.o(STACK) for Stack_Mem
    system_nrf51.o(.text) refers to system_nrf51.o(.data) for SystemCoreClock
    main.o(.text) refers to _printf_percent.o(.ARM.Collect$$_printf_percent$$00000000) for _printf_percent
    main.o(.text) refers to _printf_u.o(.ARM.Collect$$_printf_percent$$0000000A) for _printf_u
    main.o(.text) refers to _printf_dec.o(.text) for _printf_int_dec
    main.o(.text) refers to noretval__2snprintf.o(.text) for __2snprintf
    main.o(.text) refers to nrf6350.o(.text) for nrf6350_lcd_write_string
    main.o(.text) refers to app_timer.o(.text) for app_timer_init
    main.o(.text) refers to rt_memclr.o(.text) for __aeabi_memclr4
    main.o(.text) refers to ble_advdata.o(.text) for ble_advdata_set
    main.o(.text) refers to ble_nus.o(.text) for ble_nus_init
    main.o(.text) refers to ble_conn_params.o(.text) for ble_conn_params_init
    main.o(.text) refers to rt_memcpy.o(.text) for __aeabi_memcpy
    main.o(.text) refers to main.o(.bss) for APP_TIMER_BUF
    main.o(.text) refers to main.o(.constdata) for .constdata
    main.o(.text) refers to main.o(.data) for m_sec_params
    main.o(.text) refers to softdevice_handler.o(.text) for softdevice_handler_init
    main.o(.text) refers to simple_uart.o(.text) for simple_uart_config
    ble_srv_common.o(.text) refers to main.o(.text) for app_error_handler
    ble_srv_common.o(.text) refers to strlen.o(.text) for strlen
    ble_nus.o(.text) refers to rt_memclr.o(.text) for __aeabi_memclr4
    ble_nus.o(.text) refers to ble_nus.o(.constdata) for .constdata
    ble_advdata.o(.text) refers to rt_memcpy.o(.text) for __aeabi_memcpy
    ble_conn_params.o(.text) refers to rt_memcpy.o(.emb_text) for __aeabi_memcpy4
    ble_conn_params.o(.text) refers to rt_memcpy.o(.text) for __aeabi_memcpy
    ble_conn_params.o(.text) refers to app_timer.o(.text) for app_timer_create
    ble_conn_params.o(.text) refers to ble_conn_params.o(.data) for m_preferred_conn_params
    ble_conn_params.o(.text) refers to ble_conn_params.o(.bss) for m_conn_params_config
    softdevice_handler.o(.text) refers to main.o(.text) for assert_nrf_callback
    softdevice_handler.o(.text) refers to softdevice_handler.o(.data) for m_softdevice_enabled
    simple_uart.o(.text) refers to simple_uart.o(.emb_text) for __asm___13_simple_uart_c_5dda6715__nrf_delay_us
    app_timer.o(.text) refers to app_timer.o(.emb_text) for __asm___11_app_timer_c_cd27f9c3__nrf_delay_us
    app_timer.o(.text) refers to main.o(.text) for app_error_handler
    app_timer.o(.text) refers to app_timer.o(.data) for mp_nodes
    nrf6350.o(.text) refers to nrf6350.o(.emb_text) for __asm___9_nRF6350_c_83f50147__nrf_delay_us
    nrf6350.o(.text) refers to twi_hw_master.o(.text) for twi_master_transfer
    nrf6350.o(.text) refers to nrf6350.o(.bss) for data_buffer
    nrf6350.o(.text) refers to nrf6350.o(.data) for empty_str
    twi_hw_master.o(.text) refers to twi_hw_master.o(.emb_text) for __asm___15_twi_hw_master_c_959ec897__nrf_delay_us
    ble_pwm.o(.text) refers to ble_pwm.o(.data) for pwm
    __2snprintf.o(.text) refers to _printf_char_common.o(.text) for _printf_char_common
    __2snprintf.o(.text) refers to _sputc.o(.text) for _sputc
    __2snprintf.o(.text) refers to _snputc.o(.text) for _snputc
    noretval__2snprintf.o(.text) refers to _printf_char_common.o(.text) for _printf_char_common
    noretval__2snprintf.o(.text) refers to _sputc.o(.text) for _sputc
    noretval__2snprintf.o(.text) refers to _snputc.o(.text) for _snputc
    __printf.o(.text) refers to _printf_percent.o(.ARM.Collect$$_printf_percent$$00000000) for _printf_percent
    _printf_dec.o(.text) refers to rtudiv10.o(.text) for __rt_udiv10
    _printf_dec.o(.text) refers to _printf_intcommon.o(.text) for _printf_int_common
    __printf_flags.o(.text) refers to _printf_percent.o(.ARM.Collect$$_printf_percent$$00000000) for _printf_percent
    __printf_flags.o(.text) refers to __printf_flags.o(.constdata) for .constdata
    __printf_ss.o(.text) refers to _printf_percent.o(.ARM.Collect$$_printf_percent$$00000000) for _printf_percent
    __printf_flags_ss.o(.text) refers to _printf_percent.o(.ARM.Collect$$_printf_percent$$00000000) for _printf_percent
    __printf_flags_ss.o(.text) refers to __printf_flags_ss.o(.constdata) for .constdata
    __printf_wp.o(.text) refers to __printf_wp.o(i._is_digit) for _is_digit
    __printf_wp.o(.text) refers to _printf_percent.o(.ARM.Collect$$_printf_percent$$00000000) for _printf_percent
    __printf_flags_wp.o(.text) refers to __printf_wp.o(i._is_digit) for _is_digit
    __printf_flags_wp.o(.text) refers to _printf_percent.o(.ARM.Collect$$_printf_percent$$00000000) for _printf_percent
    __printf_flags_wp.o(.text) refers to __printf_flags_wp.o(.constdata) for .constdata
    __printf_ss_wp.o(.text) refers to __printf_wp.o(i._is_digit) for _is_digit
    __printf_ss_wp.o(.text) refers to _printf_percent.o(.ARM.Collect$$_printf_percent$$00000000) for _printf_percent
    __printf_flags_ss_wp.o(.text) refers to __printf_wp.o(i._is_digit) for _is_digit
    __printf_flags_ss_wp.o(.text) refers to _printf_percent.o(.ARM.Collect$$_printf_percent$$00000000) for _printf_percent
    __printf_flags_ss_wp.o(.text) refers to __printf_flags_ss_wp.o(.constdata) for .constdata
    _printf_u.o(.ARM.Collect$$_printf_percent$$0000000A) refers (Weak) to _printf_dec.o(.text) for _printf_int_dec
    _printf_percent.o(.ARM.Collect$$_printf_percent$$00000000) refers (Special) to _printf_percent_end.o(.ARM.Collect$$_printf_percent$$00000017) for _printf_percent_end
    rt_memcpy.o(.text) refers to rt_memcpy.o(.emb_text) for __aeabi_memcpy4
    __main.o(!!!main) refers to rtentry.o(.ARM.Collect$$rtentry$$00000000) for __rt_entry
    rtentry.o(.ARM.Collect$$rtentry$$00000000) refers (Special) to rtentry2.o(.ARM.Collect$$rtentry$$0000000A) for __rt_entry_li
    rtentry.o(.ARM.Collect$$rtentry$$00000000) refers (Special) to rtentry2.o(.ARM.Collect$$rtentry$$0000000D) for __rt_entry_main
    rtentry.o(.ARM.Collect$$rtentry$$00000000) refers (Special) to rtentry2.o(.ARM.Collect$$rtentry$$0000000C) for __rt_entry_postli_1
    rtentry.o(.ARM.Collect$$rtentry$$00000000) refers (Special) to rtentry2.o(.ARM.Collect$$rtentry$$00000009) for __rt_entry_postsh_1
    rtentry.o(.ARM.Collect$$rtentry$$00000000) refers (Special) to rtentry2.o(.ARM.Collect$$rtentry$$00000002) for __rt_entry_presh_1
    rtentry.o(.ARM.Collect$$rtentry$$00000000) refers (Special) to rtentry4.o(.ARM.Collect$$rtentry$$00000004) for __rt_entry_sh
    _printf_char_common.o(.text) refers to __printf_ss.o(.text) for __printf
    rtentry2.o(.ARM.Collect$$rtentry$$00000008) refers to boardinit2.o(.text) for _platform_post_stackheap_init
    rtentry2.o(.ARM.Collect$$rtentry$$0000000A) refers to libinit.o(.ARM.Collect$$libinit$$00000000) for __rt_lib_init
    rtentry2.o(.ARM.Collect$$rtentry$$0000000B) refers to boardinit3.o(.text) for _platform_post_lib_init
    rtentry2.o(.ARM.Collect$$rtentry$$0000000D) refers to main.o(.text) for main
    rtentry2.o(.ARM.Collect$$rtentry$$0000000D) refers to exit.o(.text) for exit
    rtentry2.o(.ARM.exidx) refers to rtentry2.o(.ARM.Collect$$rtentry$$00000001) for .ARM.Collect$$rtentry$$00000001
    rtentry2.o(.ARM.exidx) refers to rtentry2.o(.ARM.Collect$$rtentry$$00000008) for .ARM.Collect$$rtentry$$00000008
    rtentry2.o(.ARM.exidx) refers to rtentry2.o(.ARM.Collect$$rtentry$$0000000A) for .ARM.Collect$$rtentry$$0000000A
    rtentry2.o(.ARM.exidx) refers to rtentry2.o(.ARM.Collect$$rtentry$$0000000B) for .ARM.Collect$$rtentry$$0000000B
    rtentry2.o(.ARM.exidx) refers to rtentry2.o(.ARM.Collect$$rtentry$$0000000D) for .ARM.Collect$$rtentry$$0000000D
    rtentry4.o(.ARM.Collect$$rtentry$$00000004) refers to sys_stackheap_outer.o(.text) for __user_setup_stackheap
    rtentry4.o(.ARM.exidx) refers to rtentry4.o(.ARM.Collect$$rtentry$$00000004) for .ARM.Collect$$rtentry$$00000004
    sys_stackheap_outer.o(.text) refers to libspace.o(.text) for __user_perproc_libspace
    sys_stackheap_outer.o(.text) refers to arm_startup_nrf51.o(.text) for __user_initial_stackheap
    sys_stackheap_outer.o(__vectab_stack_and_reset_area) refers to tempstk.o(.text) for __temporary_stack_top
    sys_stackheap_outer.o(__vectab_stack_and_reset_area) refers to __main.o(!!!main) for __main
    exit.o(.text) refers to rtexit.o(.ARM.Collect$$rtexit$$00000000) for __rt_exit
    libinit.o(.ARM.Collect$$libinit$$00000000) refers (Special) to libinit2.o(.ARM.Collect$$libinit$$0000002C) for __rt_lib_init_alloca_1
    libinit.o(.ARM.Collect$$libinit$$00000000) refers (Special) to libinit2.o(.ARM.Collect$$libinit$$0000002A) for __rt_lib_init_argv_1
    libinit.o(.ARM.Collect$$libinit$$00000000) refers (Special) to libinit2.o(.ARM.Collect$$libinit$$00000019) for __rt_lib_init_atexit_1
    libinit.o(.ARM.Collect$$libinit$$00000000) refers (Special) to libinit2.o(.ARM.Collect$$libinit$$0000001F) for __rt_lib_init_clock_1
    libinit.o(.ARM.Collect$$libinit$$00000000) refers (Special) to libinit2.o(.ARM.Collect$$libinit$$00000030) for __rt_lib_init_cpp_1
    libinit.o(.ARM.Collect$$libinit$$00000000) refers (Special) to libinit2.o(.ARM.Collect$$libinit$$0000002E) for __rt_lib_init_exceptions_1
    libinit.o(.ARM.Collect$$libinit$$00000000) refers (Special) to libinit2.o(.ARM.Collect$$libinit$$00000001) for __rt_lib_init_fp_1
    libinit.o(.ARM.Collect$$libinit$$00000000) refers (Special) to libinit2.o(.ARM.Collect$$libinit$$0000001D) for __rt_lib_init_fp_trap_1
    libinit.o(.ARM.Collect$$libinit$$00000000) refers (Special) to libinit2.o(.ARM.Collect$$libinit$$00000021) for __rt_lib_init_getenv_1
    libinit.o(.ARM.Collect$$libinit$$00000000) refers (Special) to libinit2.o(.ARM.Collect$$libinit$$00000008) for __rt_lib_init_heap_1
    libinit.o(.ARM.Collect$$libinit$$00000000) refers (Special) to libinit2.o(.ARM.Collect$$libinit$$0000000F) for __rt_lib_init_lc_collate_1
    libinit.o(.ARM.Collect$$libinit$$00000000) refers (Special) to libinit2.o(.ARM.Collect$$libinit$$00000011) for __rt_lib_init_lc_ctype_1
    libinit.o(.ARM.Collect$$libinit$$00000000) refers (Special) to libinit2.o(.ARM.Collect$$libinit$$00000013) for __rt_lib_init_lc_monetary_1
    libinit.o(.ARM.Collect$$libinit$$00000000) refers (Special) to libinit2.o(.ARM.Collect$$libinit$$00000015) for __rt_lib_init_lc_numeric_1
    libinit.o(.ARM.Collect$$libinit$$00000000) refers (Special) to libinit2.o(.ARM.Collect$$libinit$$00000017) for __rt_lib_init_lc_time_1
    libinit.o(.ARM.Collect$$libinit$$00000000) refers (Special) to libinit2.o(.ARM.Collect$$libinit$$0000000C) for __rt_lib_init_rand_1
    libinit.o(.ARM.Collect$$libinit$$00000000) refers (Special) to libinit2.o(.ARM.Collect$$libinit$$00000031) for __rt_lib_init_return
    libinit.o(.ARM.Collect$$libinit$$00000000) refers (Special) to libinit2.o(.ARM.Collect$$libinit$$0000001B) for __rt_lib_init_signal_1
    libinit.o(.ARM.Collect$$libinit$$00000000) refers (Special) to libinit2.o(.ARM.Collect$$libinit$$00000023) for __rt_lib_init_stdio_1
    libinit.o(.ARM.Collect$$libinit$$00000000) refers (Special) to libinit2.o(.ARM.Collect$$libinit$$0000000A) for __rt_lib_init_user_alloc_1
    libspace.o(.text) refers to libspace.o(.bss) for __libspace_start
    rtexit.o(.ARM.Collect$$rtexit$$00000000) refers (Special) to rtexit2.o(.ARM.Collect$$rtexit$$00000004) for __rt_exit_exit
    rtexit.o(.ARM.Collect$$rtexit$$00000000) refers (Special) to rtexit2.o(.ARM.Collect$$rtexit$$00000003) for __rt_exit_ls
    rtexit.o(.ARM.Collect$$rtexit$$00000000) refers (Special) to rtexit2.o(.ARM.Collect$$rtexit$$00000002) for __rt_exit_prels_1
    rtexit.o(.ARM.exidx) refers (Special) to rtexit2.o(.ARM.Collect$$rtexit$$00000004) for __rt_exit_exit
    rtexit.o(.ARM.exidx) refers (Special) to rtexit2.o(.ARM.Collect$$rtexit$$00000003) for __rt_exit_ls
    rtexit.o(.ARM.exidx) refers (Special) to rtexit2.o(.ARM.Collect$$rtexit$$00000002) for __rt_exit_prels_1
    rtexit.o(.ARM.exidx) refers to rtexit.o(.ARM.Collect$$rtexit$$00000000) for .ARM.Collect$$rtexit$$00000000
    libinit2.o(.ARM.Collect$$libinit$$0000000E) refers to libinit2.o(.ARM.Collect$$libinit$$0000000D) for .ARM.Collect$$libinit$$0000000D
    libinit2.o(.ARM.Collect$$libinit$$00000010) refers to libinit2.o(.ARM.Collect$$libinit$$0000000D) for .ARM.Collect$$libinit$$0000000D
    libinit2.o(.ARM.Collect$$libinit$$00000012) refers to libinit2.o(.ARM.Collect$$libinit$$0000000D) for .ARM.Collect$$libinit$$0000000D
    libinit2.o(.ARM.Collect$$libinit$$00000014) refers to libinit2.o(.ARM.Collect$$libinit$$0000000D) for .ARM.Collect$$libinit$$0000000D
    libinit2.o(.ARM.Collect$$libinit$$00000016) refers to libinit2.o(.ARM.Collect$$libinit$$0000000D) for .ARM.Collect$$libinit$$0000000D
    libinit2.o(.ARM.Collect$$libinit$$00000024) refers to argv_veneer.o(.text) for __ARM_argv_veneer
    libinit2.o(.ARM.Collect$$libinit$$00000025) refers to argv_veneer.o(.text) for __ARM_argv_veneer
    rtexit2.o(.ARM.Collect$$rtexit$$00000003) refers to libshutdown.o(.ARM.Collect$$libshutdown$$00000000) for __rt_lib_shutdown
    rtexit2.o(.ARM.Collect$$rtexit$$00000004) refers to sys_exit.o(.text) for _sys_exit
    rtexit2.o(.ARM.exidx) refers to rtexit2.o(.ARM.Collect$$rtexit$$00000001) for .ARM.Collect$$rtexit$$00000001
    rtexit2.o(.ARM.exidx) refers to rtexit2.o(.ARM.Collect$$rtexit$$00000003) for .ARM.Collect$$rtexit$$00000003
    rtexit2.o(.ARM.exidx) refers to rtexit2.o(.ARM.Collect$$rtexit$$00000004) for .ARM.Collect$$rtexit$$00000004
    sys_exit.o(.text) refers (Special) to use_no_semi.o(.text) for __I$use$semihosting
    sys_exit.o(.text) refers (Special) to indicate_semi.o(.text) for __semihosting_library_function
    _get_argv_nomalloc.o(.text) refers (Special) to hrguard.o(.text) for __heap_region$guard
    _get_argv_nomalloc.o(.text) refers to defsig_rtmem_outer.o(.text) for __rt_SIGRTMEM
    _get_argv_nomalloc.o(.text) refers to sys_command.o(.text) for _sys_command_string
    libshutdown.o(.ARM.Collect$$libshutdown$$00000000) refers (Special) to libshutdown2.o(.ARM.Collect$$libshutdown$$00000006) for __rt_lib_shutdown_fp_trap_1
    libshutdown.o(.ARM.Collect$$libshutdown$$00000000) refers (Special) to libshutdown2.o(.ARM.Collect$$libshutdown$$0000000E) for __rt_lib_shutdown_heap_1
    libshutdown.o(.ARM.Collect$$libshutdown$$00000000) refers (Special) to libshutdown2.o(.ARM.Collect$$libshutdown$$0000000F) for __rt_lib_shutdown_return
    libshutdown.o(.ARM.Collect$$libshutdown$$00000000) refers (Special) to libshutdown2.o(.ARM.Collect$$libshutdown$$00000009) for __rt_lib_shutdown_signal_1
    libshutdown.o(.ARM.Collect$$libshutdown$$00000000) refers (Special) to libshutdown2.o(.ARM.Collect$$libshutdown$$00000003) for __rt_lib_shutdown_stdio_1
    libshutdown.o(.ARM.Collect$$libshutdown$$00000000) refers (Special) to libshutdown2.o(.ARM.Collect$$libshutdown$$0000000B) for __rt_lib_shutdown_user_alloc_1
    sys_command.o(.text) refers (Special) to use_no_semi.o(.text) for __I$use$semihosting
    sys_command.o(.text) refers (Special) to indicate_semi.o(.text) for __semihosting_library_function
    defsig_rtmem_outer.o(.text) refers to defsig_rtmem_inner.o(.text) for __rt_SIGRTMEM_inner
    defsig_rtmem_outer.o(.text) refers to defsig_exit.o(.text) for __sig_exit
    defsig_rtmem_formal.o(.text) refers to rt_raise.o(.text) for __rt_raise
    rt_raise.o(.text) refers to __raise.o(.text) for __raise
    rt_raise.o(.text) refers to sys_exit.o(.text) for _sys_exit
    defsig_exit.o(.text) refers to sys_exit.o(.text) for _sys_exit
    defsig_rtmem_inner.o(.text) refers to defsig_general.o(.text) for __default_signal_display
    __raise.o(.text) refers to defsig.o(CL$$defsig) for __default_signal_handler
    defsig_general.o(.text) refers to sys_wrch.o(.text) for _ttywrch
    sys_wrch.o(.text) refers (Special) to use_no_semi.o(.text) for __I$use$semihosting
    sys_wrch.o(.text) refers (Special) to indicate_semi.o(.text) for __semihosting_library_function
    defsig.o(CL$$defsig) refers to defsig_rtmem_inner.o(.text) for __rt_SIGRTMEM_inner
    defsig_abrt_inner.o(.text) refers to defsig_general.o(.text) for __default_signal_display
    defsig_fpe_inner.o(.text) refers to defsig_general.o(.text) for __default_signal_display
    defsig_rtred_inner.o(.text) refers to defsig_general.o(.text) for __default_signal_display
    defsig_stak_inner.o(.text) refers to defsig_general.o(.text) for __default_signal_display
    defsig_pvfn_inner.o(.text) refers to defsig_general.o(.text) for __default_signal_display
    defsig_cppl_inner.o(.text) refers to defsig_general.o(.text) for __default_signal_display
    defsig_segv_inner.o(.text) refers to defsig_general.o(.text) for __default_signal_display
    defsig_other.o(.text) refers to defsig_general.o(.text) for __default_signal_display


==============================================================================

Removing Unused input sections from the image.

    Removing system_nrf51.o(.rev16_text), (4 bytes).
    Removing system_nrf51.o(.revsh_text), (4 bytes).
    Removing main.o(.rev16_text), (4 bytes).
    Removing main.o(.revsh_text), (4 bytes).
    Removing main.o(.emb_text), (30 bytes).
    Removing ble_srv_common.o(.rev16_text), (4 bytes).
    Removing ble_srv_common.o(.revsh_text), (4 bytes).
    Removing ble_srv_common.o(.text), (140 bytes).
    Removing ble_nus.o(.rev16_text), (4 bytes).
    Removing ble_nus.o(.revsh_text), (4 bytes).
    Removing ble_advdata.o(.rev16_text), (4 bytes).
    Removing ble_advdata.o(.revsh_text), (4 bytes).
    Removing ble_conn_params.o(.rev16_text), (4 bytes).
    Removing ble_conn_params.o(.revsh_text), (4 bytes).
    Removing softdevice_handler.o(.rev16_text), (4 bytes).
    Removing softdevice_handler.o(.revsh_text), (4 bytes).
    Removing simple_uart.o(.rev16_text), (4 bytes).
    Removing simple_uart.o(.revsh_text), (4 bytes).
    Removing app_timer.o(.rev16_text), (4 bytes).
    Removing app_timer.o(.revsh_text), (4 bytes).
    Removing nrf6350.o(.rev16_text), (4 bytes).
    Removing nrf6350.o(.revsh_text), (4 bytes).
    Removing twi_hw_master.o(.rev16_text), (4 bytes).
    Removing twi_hw_master.o(.revsh_text), (4 bytes).
    Removing ble_pwm.o(.rev16_text), (4 bytes).
    Removing ble_pwm.o(.revsh_text), (4 bytes).
    Removing ble_pwm.o(.emb_text), (30 bytes).

27 unused section(s) (total 296 bytes) removed from the image.

==============================================================================

Image Symbol Table

    Local Symbols

    Symbol Name                              Value     Ov Type        Size  Object(Section)

    ../clib/angel/boardlib.s                 0x00000000   Number         0  boardinit2.o ABSOLUTE
    ../clib/angel/boardlib.s                 0x00000000   Number         0  boardshut.o ABSOLUTE
    ../clib/angel/boardlib.s                 0x00000000   Number         0  boardinit1.o ABSOLUTE
    ../clib/angel/boardlib.s                 0x00000000   Number         0  boardinit3.o ABSOLUTE
    ../clib/angel/handlers.s                 0x00000000   Number         0  __scatter_copy.o ABSOLUTE
    ../clib/angel/handlers.s                 0x00000000   Number         0  __scatter_zi.o ABSOLUTE
    ../clib/angel/kernel.s                   0x00000000   Number         0  rtexit.o ABSOLUTE
    ../clib/angel/kernel.s                   0x00000000   Number         0  rtentry2.o ABSOLUTE
    ../clib/angel/kernel.s                   0x00000000   Number         0  rtentry4.o ABSOLUTE
    ../clib/angel/kernel.s                   0x00000000   Number         0  rtexit2.o ABSOLUTE
    ../clib/angel/kernel.s                   0x00000000   Number         0  rtentry.o ABSOLUTE
    ../clib/angel/rt.s                       0x00000000   Number         0  rt_raise.o ABSOLUTE
    ../clib/angel/scatterp.s                 0x00000000   Number         0  __scatter.o ABSOLUTE
    ../clib/angel/startup.s                  0x00000000   Number         0  __main.o ABSOLUTE
    ../clib/angel/sys.s                      0x00000000   Number         0  sys_stackheap_outer.o ABSOLUTE
    ../clib/angel/sys.s                      0x00000000   Number         0  libspace.o ABSOLUTE
    ../clib/angel/sys.s                      0x00000000   Number         0  indicate_semi.o ABSOLUTE
    ../clib/angel/sys.s                      0x00000000   Number         0  use_no_semi.o ABSOLUTE
    ../clib/angel/sys.s                      0x00000000   Number         0  tempstk.o ABSOLUTE
    ../clib/angel/sysapp.c                   0x00000000   Number         0  sys_command.o ABSOLUTE
    ../clib/angel/sysapp.c                   0x00000000   Number         0  sys_wrch.o ABSOLUTE
    ../clib/angel/sysapp.c                   0x00000000   Number         0  sys_exit.o ABSOLUTE
    ../clib/armsys.c                         0x00000000   Number         0  argv_veneer.o ABSOLUTE
    ../clib/armsys.c                         0x00000000   Number         0  no_argv.o ABSOLUTE
    ../clib/armsys.c                         0x00000000   Number         0  _get_argv_nomalloc.o ABSOLUTE
    ../clib/division.c                       0x00000000   Number         0  rtudiv10.o ABSOLUTE
    ../clib/heapalloc.c                      0x00000000   Number         0  hrguard.o ABSOLUTE
    ../clib/heapaux.c                        0x00000000   Number         0  heapauxi.o ABSOLUTE
    ../clib/libinit.s                        0x00000000   Number         0  libinit2.o ABSOLUTE
    ../clib/libinit.s                        0x00000000   Number         0  libshutdown2.o ABSOLUTE
    ../clib/libinit.s                        0x00000000   Number         0  libinit.o ABSOLUTE
    ../clib/libinit.s                        0x00000000   Number         0  libshutdown.o ABSOLUTE
    ../clib/memcpset.c                       0x00000000   Number         0  rt_memcpy.o ABSOLUTE
    ../clib/memcpset.c                       0x00000000   Number         0  rt_memclr.o ABSOLUTE
    ../clib/memcpset.c                       0x00000000   Number         0  rt_memcpy.o ABSOLUTE
    ../clib/misc.s                           0x00000000   Number         0  printf_stubs.o ABSOLUTE
    ../clib/printf.c                         0x00000000   Number         0  _printf_dec.o ABSOLUTE
    ../clib/printf.c                         0x00000000   Number         0  __printf.o ABSOLUTE
    ../clib/printf.c                         0x00000000   Number         0  noretval__2snprintf.o ABSOLUTE
    ../clib/printf.c                         0x00000000   Number         0  __2snprintf.o ABSOLUTE
    ../clib/printf.c                         0x00000000   Number         0  _sputc.o ABSOLUTE
    ../clib/printf.c                         0x00000000   Number         0  __printf_nopercent.o ABSOLUTE
    ../clib/printf.c                         0x00000000   Number         0  _snputc.o ABSOLUTE
    ../clib/printf.c                         0x00000000   Number         0  _printf_char_common.o ABSOLUTE
    ../clib/printf.c                         0x00000000   Number         0  _printf_intcommon.o ABSOLUTE
    ../clib/printf.c                         0x00000000   Number         0  __printf_flags_ss_wp.o ABSOLUTE
    ../clib/printf.c                         0x00000000   Number         0  __printf_ss_wp.o ABSOLUTE
    ../clib/printf.c                         0x00000000   Number         0  __printf_flags_wp.o ABSOLUTE
    ../clib/printf.c                         0x00000000   Number         0  __printf_wp.o ABSOLUTE
    ../clib/printf.c                         0x00000000   Number         0  __printf_flags_ss.o ABSOLUTE
    ../clib/printf.c                         0x00000000   Number         0  __printf_ss.o ABSOLUTE
    ../clib/printf.c                         0x00000000   Number         0  __printf_flags.o ABSOLUTE
    ../clib/printf_percent.s                 0x00000000   Number         0  _printf_percent_end.o ABSOLUTE
    ../clib/printf_percent.s                 0x00000000   Number         0  _printf_percent.o ABSOLUTE
    ../clib/printf_percent.s                 0x00000000   Number         0  _printf_u.o ABSOLUTE
    ../clib/signal.c                         0x00000000   Number         0  defsig_cppl_inner.o ABSOLUTE
    ../clib/signal.c                         0x00000000   Number         0  defsig_general.o ABSOLUTE
    ../clib/signal.c                         0x00000000   Number         0  defsig_abrt_inner.o ABSOLUTE
    ../clib/signal.c                         0x00000000   Number         0  defsig_fpe_inner.o ABSOLUTE
    ../clib/signal.c                         0x00000000   Number         0  defsig_rtred_inner.o ABSOLUTE
    ../clib/signal.c                         0x00000000   Number         0  defsig_stak_inner.o ABSOLUTE
    ../clib/signal.c                         0x00000000   Number         0  defsig_pvfn_inner.o ABSOLUTE
    ../clib/signal.c                         0x00000000   Number         0  defsig_segv_inner.o ABSOLUTE
    ../clib/signal.c                         0x00000000   Number         0  defsig_other.o ABSOLUTE
    ../clib/signal.c                         0x00000000   Number         0  defsig_rtmem_outer.o ABSOLUTE
    ../clib/signal.c                         0x00000000   Number         0  defsig_rtmem_formal.o ABSOLUTE
    ../clib/signal.c                         0x00000000   Number         0  defsig_exit.o ABSOLUTE
    ../clib/signal.c                         0x00000000   Number         0  defsig_rtmem_inner.o ABSOLUTE
    ../clib/signal.c                         0x00000000   Number         0  __raise.o ABSOLUTE
    ../clib/signal.s                         0x00000000   Number         0  defsig.o ABSOLUTE
    ../clib/stdlib.c                         0x00000000   Number         0  exit.o ABSOLUTE
    ../clib/string.c                         0x00000000   Number         0  strlen.o ABSOLUTE
    ../fplib/cfplib/fpinit.c                 0x00000000   Number         0  fpinit.o ABSOLUTE
    ..\..\..\..\..\..\Source\app_common\app_timer.c 0x00000000   Number         0  app_timer.o ABSOLUTE
    ..\..\..\..\..\..\Source\ble\ble_advdata.c 0x00000000   Number         0  ble_advdata.o ABSOLUTE
    ..\..\..\..\..\..\Source\ble\ble_conn_params.c 0x00000000   Number         0  ble_conn_params.o ABSOLUTE
    ..\..\..\..\..\..\Source\ble\ble_services\ble_srv_common.c 0x00000000   Number         0  ble_srv_common.o ABSOLUTE
    ..\..\..\..\..\..\Source\ext_sensors\nRF6350\nRF6350.c 0x00000000   Number         0  nrf6350.o ABSOLUTE
    ..\..\..\..\..\..\Source\sd_common\softdevice_handler.c 0x00000000   Number         0  softdevice_handler.o ABSOLUTE
    ..\..\..\..\..\..\Source\simple_uart\simple_uart.c 0x00000000   Number         0  simple_uart.o ABSOLUTE
    ..\..\..\..\..\..\Source\templates\arm\arm_startup_nrf51.s 0x00000000   Number         0  arm_startup_nrf51.o ABSOLUTE
    ..\..\..\..\..\..\Source\templates\system_nrf51.c 0x00000000   Number         0  system_nrf51.o ABSOLUTE
    ..\\..\\..\\..\\..\\..\\Source\\app_common\\app_timer.c 0x00000000   Number         0  app_timer.o ABSOLUTE
    ..\\..\\..\\..\\..\\..\\Source\\ble\\ble_advdata.c 0x00000000   Number         0  ble_advdata.o ABSOLUTE
    ..\\..\\..\\..\\..\\..\\Source\\ble\\ble_conn_params.c 0x00000000   Number         0  ble_conn_params.o ABSOLUTE
    ..\\..\\..\\..\\..\\..\\Source\\ble\\ble_services\\ble_srv_common.c 0x00000000   Number         0  ble_srv_common.o ABSOLUTE
    ..\\..\\..\\..\\..\\..\\Source\\ext_sensors\\nRF6350\\nRF6350.c 0x00000000   Number         0  nrf6350.o ABSOLUTE
    ..\\..\\..\\..\\..\\..\\Source\\sd_common\\softdevice_handler.c 0x00000000   Number         0  softdevice_handler.o ABSOLUTE
    ..\\..\\..\\..\\..\\..\\Source\\simple_uart\\simple_uart.c 0x00000000   Number         0  simple_uart.o ABSOLUTE
    ..\\..\\..\\..\\..\\..\\Source\\templates\\system_nrf51.c 0x00000000   Number         0  system_nrf51.o ABSOLUTE
    ..\\ble_nus.c                            0x00000000   Number         0  ble_nus.o ABSOLUTE
    ..\\main.c                               0x00000000   Number         0  main.o ABSOLUTE
    ..\ble_nus.c                             0x00000000   Number         0  ble_nus.o ABSOLUTE
    ..\main.c                                0x00000000   Number         0  main.o ABSOLUTE
    ble_pwm.c                                0x00000000   Number         0  ble_pwm.o ABSOLUTE
    ble_pwm.c                                0x00000000   Number         0  ble_pwm.o ABSOLUTE
    dc.s                                     0x00000000   Number         0  dc.o ABSOLUTE
    twi_hw_master.c                          0x00000000   Number         0  twi_hw_master.o ABSOLUTE
    twi_hw_master.c                          0x00000000   Number         0  twi_hw_master.o ABSOLUTE
    RESET                                    0x00014000   Section      192  arm_startup_nrf51.o(RESET)
    !!!main                                  0x000140c0   Section        8  __main.o(!!!main)
    !!!scatter                               0x000140c8   Section       60  __scatter.o(!!!scatter)
    !!handler_copy                           0x00014104   Section       26  __scatter_copy.o(!!handler_copy)
    !!handler_zi                             0x00014120   Section       28  __scatter_zi.o(!!handler_zi)
    .ARM.Collect$$_printf_percent$$00000000  0x0001413c   Section        2  _printf_percent.o(.ARM.Collect$$_printf_percent$$00000000)
    .ARM.Collect$$_printf_percent$$0000000A  0x0001413e   Section       10  _printf_u.o(.ARM.Collect$$_printf_percent$$0000000A)
    .ARM.Collect$$_printf_percent$$00000017  0x00014148   Section        4  _printf_percent_end.o(.ARM.Collect$$_printf_percent$$00000017)
    .ARM.Collect$$libinit$$00000000          0x0001414c   Section        2  libinit.o(.ARM.Collect$$libinit$$00000000)
    .ARM.Collect$$libinit$$00000001          0x0001414e   Section        4  libinit2.o(.ARM.Collect$$libinit$$00000001)
    .ARM.Collect$$libinit$$00000008          0x00014152   Section        0  libinit2.o(.ARM.Collect$$libinit$$00000008)
    .ARM.Collect$$libinit$$0000000A          0x00014152   Section        0  libinit2.o(.ARM.Collect$$libinit$$0000000A)
    .ARM.Collect$$libinit$$0000000C          0x00014152   Section        0  libinit2.o(.ARM.Collect$$libinit$$0000000C)
    .ARM.Collect$$libinit$$0000000F          0x00014152   Section        0  libinit2.o(.ARM.Collect$$libinit$$0000000F)
    .ARM.Collect$$libinit$$00000011          0x00014152   Section        0  libinit2.o(.ARM.Collect$$libinit$$00000011)
    .ARM.Collect$$libinit$$00000013          0x00014152   Section        0  libinit2.o(.ARM.Collect$$libinit$$00000013)
    .ARM.Collect$$libinit$$00000015          0x00014152   Section        0  libinit2.o(.ARM.Collect$$libinit$$00000015)
    .ARM.Collect$$libinit$$00000017          0x00014152   Section        0  libinit2.o(.ARM.Collect$$libinit$$00000017)
    .ARM.Collect$$libinit$$00000019          0x00014152   Section        0  libinit2.o(.ARM.Collect$$libinit$$00000019)
    .ARM.Collect$$libinit$$0000001B          0x00014152   Section        0  libinit2.o(.ARM.Collect$$libinit$$0000001B)
    .ARM.Collect$$libinit$$0000001D          0x00014152   Section        0  libinit2.o(.ARM.Collect$$libinit$$0000001D)
    .ARM.Collect$$libinit$$0000001F          0x00014152   Section        0  libinit2.o(.ARM.Collect$$libinit$$0000001F)
    .ARM.Collect$$libinit$$00000021          0x00014152   Section        0  libinit2.o(.ARM.Collect$$libinit$$00000021)
    .ARM.Collect$$libinit$$00000023          0x00014152   Section        0  libinit2.o(.ARM.Collect$$libinit$$00000023)
    .ARM.Collect$$libinit$$0000002A          0x00014152   Section        0  libinit2.o(.ARM.Collect$$libinit$$0000002A)
    .ARM.Collect$$libinit$$0000002C          0x00014152   Section        0  libinit2.o(.ARM.Collect$$libinit$$0000002C)
    .ARM.Collect$$libinit$$0000002E          0x00014152   Section        0  libinit2.o(.ARM.Collect$$libinit$$0000002E)
    .ARM.Collect$$libinit$$00000030          0x00014152   Section        0  libinit2.o(.ARM.Collect$$libinit$$00000030)
    .ARM.Collect$$libinit$$00000031          0x00014152   Section        2  libinit2.o(.ARM.Collect$$libinit$$00000031)
    .ARM.Collect$$libshutdown$$00000000      0x00014154   Section        2  libshutdown.o(.ARM.Collect$$libshutdown$$00000000)
    .ARM.Collect$$libshutdown$$00000003      0x00014156   Section        0  libshutdown2.o(.ARM.Collect$$libshutdown$$00000003)
    .ARM.Collect$$libshutdown$$00000006      0x00014156   Section        0  libshutdown2.o(.ARM.Collect$$libshutdown$$00000006)
    .ARM.Collect$$libshutdown$$00000009      0x00014156   Section        0  libshutdown2.o(.ARM.Collect$$libshutdown$$00000009)
    .ARM.Collect$$libshutdown$$0000000B      0x00014156   Section        0  libshutdown2.o(.ARM.Collect$$libshutdown$$0000000B)
    .ARM.Collect$$libshutdown$$0000000E      0x00014156   Section        0  libshutdown2.o(.ARM.Collect$$libshutdown$$0000000E)
    .ARM.Collect$$libshutdown$$0000000F      0x00014156   Section        2  libshutdown2.o(.ARM.Collect$$libshutdown$$0000000F)
    .ARM.Collect$$rtentry$$00000000          0x00014158   Section        0  rtentry.o(.ARM.Collect$$rtentry$$00000000)
    .ARM.Collect$$rtentry$$00000002          0x00014158   Section        0  rtentry2.o(.ARM.Collect$$rtentry$$00000002)
    .ARM.Collect$$rtentry$$00000004          0x00014158   Section        6  rtentry4.o(.ARM.Collect$$rtentry$$00000004)
    .ARM.Collect$$rtentry$$00000009          0x0001415e   Section        0  rtentry2.o(.ARM.Collect$$rtentry$$00000009)
    .ARM.Collect$$rtentry$$0000000A          0x0001415e   Section        4  rtentry2.o(.ARM.Collect$$rtentry$$0000000A)
    .ARM.Collect$$rtentry$$0000000C          0x00014162   Section        0  rtentry2.o(.ARM.Collect$$rtentry$$0000000C)
    .ARM.Collect$$rtentry$$0000000D          0x00014162   Section        8  rtentry2.o(.ARM.Collect$$rtentry$$0000000D)
    .ARM.Collect$$rtexit$$00000000           0x0001416a   Section        2  rtexit.o(.ARM.Collect$$rtexit$$00000000)
    .ARM.Collect$$rtexit$$00000002           0x0001416c   Section        0  rtexit2.o(.ARM.Collect$$rtexit$$00000002)
    .ARM.Collect$$rtexit$$00000003           0x0001416c   Section        4  rtexit2.o(.ARM.Collect$$rtexit$$00000003)
    .ARM.Collect$$rtexit$$00000004           0x00014170   Section        6  rtexit2.o(.ARM.Collect$$rtexit$$00000004)
    .emb_text                                0x00014178   Section       30  simple_uart.o(.emb_text)
    .emb_text                                0x00014198   Section       30  app_timer.o(.emb_text)
    .emb_text                                0x000141b8   Section       30  nrf6350.o(.emb_text)
    .emb_text                                0x000141d8   Section       30  twi_hw_master.o(.emb_text)
    .emb_text                                0x000141f8   Section       56  rt_memcpy.o(.emb_text)
    .text                                    0x00014230   Section       72  arm_startup_nrf51.o(.text)
    .text                                    0x00014278   Section        0  system_nrf51.o(.text)
    is_disabled_in_debug_needed              0x00014281   Thumb Code    52  system_nrf51.o(.text)
    is_manual_peripheral_setup_needed        0x000142b5   Thumb Code   104  system_nrf51.o(.text)
    .text                                    0x00014360   Section        0  main.o(.text)
    nrf_gpio_cfg_sense_input                 0x00014361   Thumb Code    24  main.o(.text)
    writeLog                                 0x00014379   Thumb Code    30  main.o(.text)
    leds_init                                0x000143bb   Thumb Code    16  main.o(.text)
    timers_init                              0x000143cb   Thumb Code    46  main.o(.text)
    gap_params_init                          0x000143f9   Thumb Code   118  main.o(.text)
    advertising_init                         0x0001446f   Thumb Code   102  main.o(.text)
    services_init                            0x000144e7   Thumb Code    44  main.o(.text)
    sec_params_init                          0x00014513   Thumb Code    66  main.o(.text)
    on_conn_params_evt                       0x00014555   Thumb Code    46  main.o(.text)
    conn_params_error_handler                0x00014583   Thumb Code    16  main.o(.text)
    conn_params_init                         0x00014593   Thumb Code    82  main.o(.text)
    advertising_start                        0x000145e5   Thumb Code    74  main.o(.text)
    on_ble_evt                               0x0001462f   Thumb Code   392  main.o(.text)
    ble_evt_dispatch                         0x000147b7   Thumb Code    26  main.o(.text)
    ble_stack_init                           0x000147d1   Thumb Code    78  main.o(.text)
    buttons_init                             0x0001481f   Thumb Code    14  main.o(.text)
    power_manage                             0x0001482d   Thumb Code    32  main.o(.text)
    uart_init                                0x0001484d   Thumb Code    46  main.o(.text)
    NVIC_SetPriority                         0x00014935   Thumb Code   110  main.o(.text)
    nrf_gpio_cfg_output                      0x000149a3   Thumb Code    18  main.o(.text)
    nrf_gpio_pin_set                         0x000149b5   Thumb Code    10  main.o(.text)
    nrf_gpio_pin_clear                       0x000149bf   Thumb Code    10  main.o(.text)
    .text                                    0x00014a00   Section        0  ble_nus.o(.text)
    on_connect                               0x00014a01   Thumb Code     6  ble_nus.o(.text)
    on_disconnect                            0x00014a07   Thumb Code     8  ble_nus.o(.text)
    on_write                                 0x00014a0f   Thumb Code    84  ble_nus.o(.text)
    rx_char_add                              0x00014a63   Thumb Code   292  ble_nus.o(.text)
    tx_char_add                              0x00014b87   Thumb Code   222  ble_nus.o(.text)
    .text                                    0x00014d88   Section        0  ble_advdata.o(.text)
    name_encode                              0x00014d89   Thumb Code   150  ble_advdata.o(.text)
    appearance_encode                        0x00014e1f   Thumb Code    74  ble_advdata.o(.text)
    uint8_array_encode                       0x00014e69   Thumb Code    82  ble_advdata.o(.text)
    tx_power_level_encode                    0x00014ebb   Thumb Code    48  ble_advdata.o(.text)
    uuid_list_sized_encode                   0x00014eeb   Thumb Code   196  ble_advdata.o(.text)
    uuid_list_encode                         0x00014faf   Thumb Code    64  ble_advdata.o(.text)
    conn_int_check                           0x00014fef   Thumb Code    88  ble_advdata.o(.text)
    conn_int_encode                          0x00015047   Thumb Code    92  ble_advdata.o(.text)
    manuf_specific_data_encode               0x000150a3   Thumb Code   106  ble_advdata.o(.text)
    service_data_encode                      0x0001510d   Thumb Code   140  ble_advdata.o(.text)
    adv_data_encode                          0x00015199   Thumb Code   304  ble_advdata.o(.text)
    advdata_check                            0x000152c9   Thumb Code    34  ble_advdata.o(.text)
    srdata_check                             0x000152eb   Thumb Code    16  ble_advdata.o(.text)
    uint16_encode                            0x00015375   Thumb Code    18  ble_advdata.o(.text)
    .text                                    0x0001538c   Section        0  ble_conn_params.o(.text)
    is_conn_params_ok                        0x0001538d   Thumb Code    30  ble_conn_params.o(.text)
    update_timeout_handler                   0x000153ab   Thumb Code   136  ble_conn_params.o(.text)
    conn_params_negotiation                  0x00015499   Thumb Code   126  ble_conn_params.o(.text)
    on_connect                               0x00015517   Thumb Code    42  ble_conn_params.o(.text)
    on_disconnect                            0x00015541   Thumb Code    50  ble_conn_params.o(.text)
    on_write                                 0x00015573   Thumb Code    84  ble_conn_params.o(.text)
    on_conn_params_update                    0x000155c7   Thumb Code    20  ble_conn_params.o(.text)
    .text                                    0x00015694   Section        0  softdevice_handler.o(.text)
    .text                                    0x00015868   Section        0  simple_uart.o(.text)
    nrf_gpio_cfg_output                      0x0001594f   Thumb Code    18  simple_uart.o(.text)
    nrf_gpio_cfg_input                       0x00015961   Thumb Code    20  simple_uart.o(.text)
    .text                                    0x00015984   Section        0  app_timer.o(.text)
    NVIC_SetPriority                         0x00015985   Thumb Code   110  app_timer.o(.text)
    rtc1_init                                0x000159f3   Thumb Code    18  app_timer.o(.text)
    rtc1_start                               0x00015a05   Thumb Code    42  app_timer.o(.text)
    rtc1_stop                                0x00015a2f   Thumb Code    44  app_timer.o(.text)
    timer_list_insert                        0x00015a5b   Thumb Code   212  app_timer.o(.text)
    timer_list_remove                        0x00015b2f   Thumb Code   156  app_timer.o(.text)
    timer_timeouts_check_sched               0x00015bcb   Thumb Code    10  app_timer.o(.text)
    timer_list_handler_sched                 0x00015bd5   Thumb Code    10  app_timer.o(.text)
    timeout_handler_exec                     0x00015bdf   Thumb Code    60  app_timer.o(.text)
    timer_timeouts_check                     0x00015c1b   Thumb Code   132  app_timer.o(.text)
    elapsed_ticks_acquire                    0x00015c9f   Thumb Code    82  app_timer.o(.text)
    list_deletions_handler                   0x00015cf1   Thumb Code   280  app_timer.o(.text)
    expired_timers_handler                   0x00015e09   Thumb Code   100  app_timer.o(.text)
    list_insertions_handler                  0x00015e6d   Thumb Code   264  app_timer.o(.text)
    compare_reg_update                       0x00015f75   Thumb Code   128  app_timer.o(.text)
    timer_list_handler                       0x00015ff5   Thumb Code    70  app_timer.o(.text)
    user_op_enque                            0x0001603b   Thumb Code     4  app_timer.o(.text)
    user_op_alloc                            0x0001603f   Thumb Code    44  app_timer.o(.text)
    timer_start_op_schedule                  0x0001606b   Thumb Code    80  app_timer.o(.text)
    timer_stop_op_schedule                   0x000160bb   Thumb Code    58  app_timer.o(.text)
    timer_stop_all_op_schedule               0x000160f5   Thumb Code    58  app_timer.o(.text)
    user_id_get                              0x000162bb   Thumb Code    34  app_timer.o(.text)
    NVIC_EnableIRQ                           0x000163b9   Thumb Code    14  app_timer.o(.text)
    NVIC_SetPendingIRQ                       0x000163c7   Thumb Code    14  app_timer.o(.text)
    NVIC_ClearPendingIRQ                     0x000163d5   Thumb Code    16  app_timer.o(.text)
    current_int_priority_get                 0x000163e5   Thumb Code    84  app_timer.o(.text)
    rtc1_counter_get                         0x00016439   Thumb Code     6  app_timer.o(.text)
    ticks_diff_get                           0x0001643f   Thumb Code    10  app_timer.o(.text)
    .text                                    0x00016470   Section        0  nrf6350.o(.text)
    nrf6350_lcd_set_instruction              0x00016471   Thumb Code    32  nrf6350.o(.text)
    nrf6350_lcd_write_without_recovery       0x0001654f   Thumb Code   134  nrf6350.o(.text)
    .text                                    0x000167bc   Section        0  twi_hw_master.o(.text)
    twi_master_clear_bus                     0x000167bd   Thumb Code   216  twi_hw_master.o(.text)
    twi_master_write                         0x000168d1   Thumb Code   168  twi_hw_master.o(.text)
    twi_master_read                          0x00016979   Thumb Code   234  twi_hw_master.o(.text)
    .text                                    0x00016ad0   Section        0  ble_pwm.o(.text)
    nrf_gpio_cfg_input                       0x00016bc3   Thumb Code    20  ble_pwm.o(.text)
    nrf_gpiote_task_config                   0x00016bd7   Thumb Code   102  ble_pwm.o(.text)
    .text                                    0x00016c64   Section        0  noretval__2snprintf.o(.text)
    .text                                    0x00016c9c   Section        0  _printf_dec.o(.text)
    .text                                    0x00016d08   Section        0  __printf_ss.o(.text)
    .text                                    0x00016dc6   Section        0  rt_memcpy.o(.text)
    .text                                    0x00016e48   Section        0  rt_memclr.o(.text)
    .text                                    0x00016e88   Section        0  heapauxi.o(.text)
    .text                                    0x00016e8e   Section        0  _printf_intcommon.o(.text)
    .text                                    0x00016f40   Section        0  _printf_char_common.o(.text)
    _printf_input_char                       0x00016f41   Thumb Code    10  _printf_char_common.o(.text)
    .text                                    0x00016f70   Section        0  _sputc.o(.text)
    .text                                    0x00016f7a   Section        0  _snputc.o(.text)
    .text                                    0x00016f8a   Section        0  rtudiv10.o(.text)
    .text                                    0x00016fb2   Section       62  sys_stackheap_outer.o(.text)
    .text                                    0x00016ff0   Section        0  exit.o(.text)
    .text                                    0x00016ffc   Section        8  libspace.o(.text)
    .text                                    0x00017004   Section        0  sys_exit.o(.text)
    .text                                    0x00017010   Section        2  use_no_semi.o(.text)
    .text                                    0x00017012   Section        0  indicate_semi.o(.text)
    .constdata                               0x00017014   Section        4  main.o(.constdata)
    .constdata                               0x00017018   Section       16  ble_nus.o(.constdata)
    .data                                    0x20002000   Section        4  system_nrf51.o(.data)
    __tagsym$$used                           0x20002000   Number         0  system_nrf51.o(.data)
    .data                                    0x20002004   Section        9  main.o(.data)
    m_sec_params                             0x20002004   Data           6  main.o(.data)
    m_conn_handle                            0x2000200a   Data           2  main.o(.data)
    index                                    0x2000200c   Data           1  main.o(.data)
    .data                                    0x20002010   Section       25  ble_conn_params.o(.data)
    m_preferred_conn_params                  0x20002010   Data           8  ble_conn_params.o(.data)
    m_update_count                           0x20002018   Data           1  ble_conn_params.o(.data)
    m_conn_handle                            0x2000201a   Data           2  ble_conn_params.o(.data)
    m_current_conn_params                    0x2000201c   Data           8  ble_conn_params.o(.data)
    m_conn_params_timer_id                   0x20002024   Data           4  ble_conn_params.o(.data)
    m_change_param                           0x20002028   Data           1  ble_conn_params.o(.data)
    .data                                    0x2000202c   Section       20  softdevice_handler.o(.data)
    m_evt_schedule_func                      0x2000202c   Data           4  softdevice_handler.o(.data)
    m_evt_buffer                             0x20002030   Data           4  softdevice_handler.o(.data)
    m_ble_evt_buffer_size                    0x20002034   Data           2  softdevice_handler.o(.data)
    m_softdevice_enabled                     0x20002036   Data           1  softdevice_handler.o(.data)
    m_ble_evt_handler                        0x20002038   Data           4  softdevice_handler.o(.data)
    m_sys_evt_handler                        0x2000203c   Data           4  softdevice_handler.o(.data)
    .data                                    0x20002040   Section       40  app_timer.o(.data)
    m_node_array_size                        0x20002040   Data           1  app_timer.o(.data)
    mp_nodes                                 0x20002044   Data           4  app_timer.o(.data)
    m_user_array_size                        0x20002048   Data           1  app_timer.o(.data)
    mp_users                                 0x2000204c   Data           4  app_timer.o(.data)
    m_timer_id_head                          0x20002050   Data           4  app_timer.o(.data)
    m_ticks_latest                           0x20002054   Data           4  app_timer.o(.data)
    m_ticks_elapsed                          0x20002058   Data           8  app_timer.o(.data)
    m_ticks_elapsed_q_read_ind               0x20002060   Data           1  app_timer.o(.data)
    m_ticks_elapsed_q_write_ind              0x20002061   Data           1  app_timer.o(.data)
    m_evt_schedule_func                      0x20002064   Data           4  app_timer.o(.data)
    .data                                    0x20002068   Section       18  nrf6350.o(.data)
    empty_str                                0x20002068   Data          18  nrf6350.o(.data)
    .data                                    0x2000207a   Section        1  ble_pwm.o(.data)
    pwm                                      0x2000207a   Data           1  ble_pwm.o(.data)
    .bss                                     0x2000207c   Section      716  main.o(.bss)
    m_nus                                    0x2000207c   Data          28  main.o(.bss)
    APP_TIMER_BUF                            0x20002098   Data         536  main.o(.bss)
    m_auth_status                            0x200022b0   Data          50  main.o(.bss)
    EVT_BUFFER                               0x200022e4   Data          80  main.o(.bss)
    data_array                               0x20002334   Data          20  main.o(.bss)
    .bss                                     0x20002348   Section       28  ble_conn_params.o(.bss)
    m_conn_params_config                     0x20002348   Data          28  ble_conn_params.o(.bss)
    .bss                                     0x20002364   Section       32  nrf6350.o(.bss)
    data_buffer                              0x20002364   Data          32  nrf6350.o(.bss)
    .bss                                     0x20002384   Section       96  libspace.o(.bss)
    HEAP                                     0x200023e8   Section     2048  arm_startup_nrf51.o(HEAP)
    Heap_Mem                                 0x200023e8   Data        2048  arm_startup_nrf51.o(HEAP)
    STACK                                    0x20002be8   Section     2048  arm_startup_nrf51.o(STACK)
    Stack_Mem                                0x20002be8   Data        2048  arm_startup_nrf51.o(STACK)
    __initial_sp                             0x200033e8   Data           0  arm_startup_nrf51.o(STACK)

    Global Symbols

    Symbol Name                              Value     Ov Type        Size  Object(Section)

    BuildAttributes$$THM_ISAv3M$S$PE$A:L22$X:L11$S22$IEEE1$IW$USESV6$~STKCKD$USESV7$ENUMINT$~SHL$OSPACE$ROPI$EBA8$UX$STANDARDLIB$REQ8$PRES8$EABIv2 0x00000000   Number         0  anon$$obj.o ABSOLUTE
    __ARM_use_no_argv                        0x00000000   Number         0  main.o ABSOLUTE
    _printf_flags                            0x00000000   Number         0  printf_stubs.o ABSOLUTE
    _printf_return_value                     0x00000000   Number         0  printf_stubs.o ABSOLUTE
    _printf_sizespec                         0x00000000   Number         0  printf_stubs.o ABSOLUTE
    _printf_widthprec                        0x00000000   Number         0  printf_stubs.o ABSOLUTE
    __ARM_exceptions_init                     - Undefined Weak Reference
    __alloca_initialize                       - Undefined Weak Reference
    __cpp_initialize__aeabi_                  - Undefined Weak Reference
    __cxa_finalize                            - Undefined Weak Reference
    __rt_locale                               - Undefined Weak Reference
    __sigvec_lookup                           - Undefined Weak Reference
    _atexit_init                              - Undefined Weak Reference
    _call_atexit_fns                          - Undefined Weak Reference
    _clock_init                               - Undefined Weak Reference
    _fp_trap_init                             - Undefined Weak Reference
    _fp_trap_shutdown                         - Undefined Weak Reference
    _get_lc_collate                           - Undefined Weak Reference
    _get_lc_ctype                             - Undefined Weak Reference
    _get_lc_monetary                          - Undefined Weak Reference
    _get_lc_numeric                           - Undefined Weak Reference
    _get_lc_time                              - Undefined Weak Reference
    _getenv_init                              - Undefined Weak Reference
    _handle_redirection                       - Undefined Weak Reference
    _init_alloc                               - Undefined Weak Reference
    _init_user_alloc                          - Undefined Weak Reference
    _initio                                   - Undefined Weak Reference
    _printf_post_padding                      - Undefined Weak Reference
    _printf_pre_padding                       - Undefined Weak Reference
    _printf_truncate_signed                   - Undefined Weak Reference
    _printf_truncate_unsigned                 - Undefined Weak Reference
    _rand_init                                - Undefined Weak Reference
    _signal_finish                            - Undefined Weak Reference
    _signal_init                              - Undefined Weak Reference
    _terminate_alloc                          - Undefined Weak Reference
    _terminate_user_alloc                     - Undefined Weak Reference
    _terminateio                              - Undefined Weak Reference
    __Vectors_Size                           0x000000c0   Number         0  arm_startup_nrf51.o ABSOLUTE
    __Vectors                                0x00014000   Data           4  arm_startup_nrf51.o(RESET)
    __Vectors_End                            0x000140c0   Data           0  arm_startup_nrf51.o(RESET)
    __main                                   0x000140c1   Thumb Code     8  __main.o(!!!main)
    __scatterload                            0x000140c9   Thumb Code     0  __scatter.o(!!!scatter)
    __scatterload_rt2                        0x000140c9   Thumb Code    52  __scatter.o(!!!scatter)
    __scatterload_rt2_thumb_only             0x000140c9   Thumb Code     0  __scatter.o(!!!scatter)
    __scatterload_null                       0x000140d9   Thumb Code     0  __scatter.o(!!!scatter)
    __scatterload_copy                       0x00014105   Thumb Code    26  __scatter_copy.o(!!handler_copy)
    __scatterload_zeroinit                   0x00014121   Thumb Code    28  __scatter_zi.o(!!handler_zi)
    _printf_percent                          0x0001413d   Thumb Code     0  _printf_percent.o(.ARM.Collect$$_printf_percent$$00000000)
    _printf_u                                0x0001413f   Thumb Code     0  _printf_u.o(.ARM.Collect$$_printf_percent$$0000000A)
    _printf_percent_end                      0x00014149   Thumb Code     0  _printf_percent_end.o(.ARM.Collect$$_printf_percent$$00000017)
    __rt_lib_init                            0x0001414d   Thumb Code     0  libinit.o(.ARM.Collect$$libinit$$00000000)
    __rt_lib_init_fp_1                       0x0001414f   Thumb Code     0  libinit2.o(.ARM.Collect$$libinit$$00000001)
    __rt_lib_init_alloca_1                   0x00014153   Thumb Code     0  libinit2.o(.ARM.Collect$$libinit$$0000002C)
    __rt_lib_init_argv_1                     0x00014153   Thumb Code     0  libinit2.o(.ARM.Collect$$libinit$$0000002A)
    __rt_lib_init_atexit_1                   0x00014153   Thumb Code     0  libinit2.o(.ARM.Collect$$libinit$$00000019)
    __rt_lib_init_clock_1                    0x00014153   Thumb Code     0  libinit2.o(.ARM.Collect$$libinit$$0000001F)
    __rt_lib_init_cpp_1                      0x00014153   Thumb Code     0  libinit2.o(.ARM.Collect$$libinit$$00000030)
    __rt_lib_init_exceptions_1               0x00014153   Thumb Code     0  libinit2.o(.ARM.Collect$$libinit$$0000002E)
    __rt_lib_init_fp_trap_1                  0x00014153   Thumb Code     0  libinit2.o(.ARM.Collect$$libinit$$0000001D)
    __rt_lib_init_getenv_1                   0x00014153   Thumb Code     0  libinit2.o(.ARM.Collect$$libinit$$00000021)
    __rt_lib_init_heap_1                     0x00014153   Thumb Code     0  libinit2.o(.ARM.Collect$$libinit$$00000008)
    __rt_lib_init_lc_collate_1               0x00014153   Thumb Code     0  libinit2.o(.ARM.Collect$$libinit$$0000000F)
    __rt_lib_init_lc_ctype_1                 0x00014153   Thumb Code     0  libinit2.o(.ARM.Collect$$libinit$$00000011)
    __rt_lib_init_lc_monetary_1              0x00014153   Thumb Code     0  libinit2.o(.ARM.Collect$$libinit$$00000013)
    __rt_lib_init_lc_numeric_1               0x00014153   Thumb Code     0  libinit2.o(.ARM.Collect$$libinit$$00000015)
    __rt_lib_init_lc_time_1                  0x00014153   Thumb Code     0  libinit2.o(.ARM.Collect$$libinit$$00000017)
    __rt_lib_init_rand_1                     0x00014153   Thumb Code     0  libinit2.o(.ARM.Collect$$libinit$$0000000C)
    __rt_lib_init_return                     0x00014153   Thumb Code     0  libinit2.o(.ARM.Collect$$libinit$$00000031)
    __rt_lib_init_signal_1                   0x00014153   Thumb Code     0  libinit2.o(.ARM.Collect$$libinit$$0000001B)
    __rt_lib_init_stdio_1                    0x00014153   Thumb Code     0  libinit2.o(.ARM.Collect$$libinit$$00000023)
    __rt_lib_init_user_alloc_1               0x00014153   Thumb Code     0  libinit2.o(.ARM.Collect$$libinit$$0000000A)
    __rt_lib_shutdown                        0x00014155   Thumb Code     0  libshutdown.o(.ARM.Collect$$libshutdown$$00000000)
    __rt_lib_shutdown_fp_trap_1              0x00014157   Thumb Code     0  libshutdown2.o(.ARM.Collect$$libshutdown$$00000006)
    __rt_lib_shutdown_heap_1                 0x00014157   Thumb Code     0  libshutdown2.o(.ARM.Collect$$libshutdown$$0000000E)
    __rt_lib_shutdown_return                 0x00014157   Thumb Code     0  libshutdown2.o(.ARM.Collect$$libshutdown$$0000000F)
    __rt_lib_shutdown_signal_1               0x00014157   Thumb Code     0  libshutdown2.o(.ARM.Collect$$libshutdown$$00000009)
    __rt_lib_shutdown_stdio_1                0x00014157   Thumb Code     0  libshutdown2.o(.ARM.Collect$$libshutdown$$00000003)
    __rt_lib_shutdown_user_alloc_1           0x00014157   Thumb Code     0  libshutdown2.o(.ARM.Collect$$libshutdown$$0000000B)
    __rt_entry                               0x00014159   Thumb Code     0  rtentry.o(.ARM.Collect$$rtentry$$00000000)
    __rt_entry_presh_1                       0x00014159   Thumb Code     0  rtentry2.o(.ARM.Collect$$rtentry$$00000002)
    __rt_entry_sh                            0x00014159   Thumb Code     0  rtentry4.o(.ARM.Collect$$rtentry$$00000004)
    __rt_entry_li                            0x0001415f   Thumb Code     0  rtentry2.o(.ARM.Collect$$rtentry$$0000000A)
    __rt_entry_postsh_1                      0x0001415f   Thumb Code     0  rtentry2.o(.ARM.Collect$$rtentry$$00000009)
    __rt_entry_main                          0x00014163   Thumb Code     0  rtentry2.o(.ARM.Collect$$rtentry$$0000000D)
    __rt_entry_postli_1                      0x00014163   Thumb Code     0  rtentry2.o(.ARM.Collect$$rtentry$$0000000C)
    __rt_exit                                0x0001416b   Thumb Code     0  rtexit.o(.ARM.Collect$$rtexit$$00000000)
    __rt_exit_ls                             0x0001416d   Thumb Code     0  rtexit2.o(.ARM.Collect$$rtexit$$00000003)
    __rt_exit_prels_1                        0x0001416d   Thumb Code     0  rtexit2.o(.ARM.Collect$$rtexit$$00000002)
    __rt_exit_exit                           0x00014171   Thumb Code     0  rtexit2.o(.ARM.Collect$$rtexit$$00000004)
    __asm___13_simple_uart_c_5dda6715__nrf_delay_us 0x00014179   Thumb Code    30  simple_uart.o(.emb_text)
    __asm___11_app_timer_c_cd27f9c3__nrf_delay_us 0x00014199   Thumb Code    30  app_timer.o(.emb_text)
    __asm___9_nRF6350_c_83f50147__nrf_delay_us 0x000141b9   Thumb Code    30  nrf6350.o(.emb_text)
    __asm___15_twi_hw_master_c_959ec897__nrf_delay_us 0x000141d9   Thumb Code    30  twi_hw_master.o(.emb_text)
    __aeabi_memcpy4                          0x000141f9   Thumb Code    56  rt_memcpy.o(.emb_text)
    __aeabi_memcpy8                          0x000141f9   Thumb Code     0  rt_memcpy.o(.emb_text)
    Reset_Handler                            0x00014231   Thumb Code    18  arm_startup_nrf51.o(.text)
    NMI_Handler                              0x00014243   Thumb Code     2  arm_startup_nrf51.o(.text)
    HardFault_Handler                        0x00014245   Thumb Code     2  arm_startup_nrf51.o(.text)
    SVC_Handler                              0x00014247   Thumb Code     2  arm_startup_nrf51.o(.text)
    PendSV_Handler                           0x00014249   Thumb Code     2  arm_startup_nrf51.o(.text)
    SysTick_Handler                          0x0001424b   Thumb Code     2  arm_startup_nrf51.o(.text)
    ADC_IRQHandler                           0x0001424d   Thumb Code     0  arm_startup_nrf51.o(.text)
    CCM_AAR_IRQHandler                       0x0001424d   Thumb Code     0  arm_startup_nrf51.o(.text)
    ECB_IRQHandler                           0x0001424d   Thumb Code     0  arm_startup_nrf51.o(.text)
    GPIOTE_IRQHandler                        0x0001424d   Thumb Code     0  arm_startup_nrf51.o(.text)
    LPCOMP_COMP_IRQHandler                   0x0001424d   Thumb Code     0  arm_startup_nrf51.o(.text)
    POWER_CLOCK_IRQHandler                   0x0001424d   Thumb Code     0  arm_startup_nrf51.o(.text)
    QDEC_IRQHandler                          0x0001424d   Thumb Code     0  arm_startup_nrf51.o(.text)
    RADIO_IRQHandler                         0x0001424d   Thumb Code     0  arm_startup_nrf51.o(.text)
    RNG_IRQHandler                           0x0001424d   Thumb Code     0  arm_startup_nrf51.o(.text)
    RTC0_IRQHandler                          0x0001424d   Thumb Code     0  arm_startup_nrf51.o(.text)
    SPI0_TWI0_IRQHandler                     0x0001424d   Thumb Code     0  arm_startup_nrf51.o(.text)
    SPI1_TWI1_IRQHandler                     0x0001424d   Thumb Code     0  arm_startup_nrf51.o(.text)
    SWI1_IRQHandler                          0x0001424d   Thumb Code     0  arm_startup_nrf51.o(.text)
    SWI3_IRQHandler                          0x0001424d   Thumb Code     0  arm_startup_nrf51.o(.text)
    SWI4_IRQHandler                          0x0001424d   Thumb Code     0  arm_startup_nrf51.o(.text)
    SWI5_IRQHandler                          0x0001424d   Thumb Code     0  arm_startup_nrf51.o(.text)
    TEMP_IRQHandler                          0x0001424d   Thumb Code     0  arm_startup_nrf51.o(.text)
    TIMER0_IRQHandler                        0x0001424d   Thumb Code     0  arm_startup_nrf51.o(.text)
    TIMER1_IRQHandler                        0x0001424d   Thumb Code     0  arm_startup_nrf51.o(.text)
    WDT_IRQHandler                           0x0001424d   Thumb Code     0  arm_startup_nrf51.o(.text)
    __user_initial_stackheap                 0x00014251   Thumb Code     0  arm_startup_nrf51.o(.text)
    SystemCoreClockUpdate                    0x00014279   Thumb Code     8  system_nrf51.o(.text)
    SystemInit                               0x0001431d   Thumb Code    38  system_nrf51.o(.text)
    app_error_handler                        0x00014397   Thumb Code    22  main.o(.text)
    assert_nrf_callback                      0x000143ad   Thumb Code    14  main.o(.text)
    nus_data_handler                         0x000144d5   Thumb Code    18  main.o(.text)
    UART0_IRQHandler                         0x0001487b   Thumb Code    98  main.o(.text)
    main                                     0x000148dd   Thumb Code    88  main.o(.text)
    ble_nus_on_ble_evt                       0x00014c65   Thumb Code    70  ble_nus.o(.text)
    ble_nus_init                             0x00014cab   Thumb Code   128  ble_nus.o(.text)
    ble_nus_send_string                      0x00014d2b   Thumb Code    84  ble_nus.o(.text)
    ble_advdata_set                          0x000152fb   Thumb Code   122  ble_advdata.o(.text)
    ble_conn_params_init                     0x00015433   Thumb Code    90  ble_conn_params.o(.text)
    ble_conn_params_stop                     0x0001548d   Thumb Code    12  ble_conn_params.o(.text)
    ble_conn_params_on_ble_evt               0x000155db   Thumb Code    62  ble_conn_params.o(.text)
    ble_conn_params_change_conn_params       0x00015619   Thumb Code    86  ble_conn_params.o(.text)
    softdevice_assertion_handler             0x00015695   Thumb Code    18  softdevice_handler.o(.text)
    intern_softdevice_events_execute         0x000156a7   Thumb Code   168  softdevice_handler.o(.text)
    softdevice_handler_init                  0x0001574f   Thumb Code    84  softdevice_handler.o(.text)
    softdevice_handler_sd_disable            0x000157a3   Thumb Code    24  softdevice_handler.o(.text)
    softdevice_ble_evt_handler_set           0x000157bb   Thumb Code    18  softdevice_handler.o(.text)
    softdevice_sys_evt_handler_set           0x000157cd   Thumb Code    18  softdevice_handler.o(.text)
    SWI2_IRQHandler                          0x000157df   Thumb Code    52  softdevice_handler.o(.text)
    simple_uart_get                          0x00015869   Thumb Code    24  simple_uart.o(.text)
    simple_uart_get_with_timeout             0x00015881   Thumb Code    62  simple_uart.o(.text)
    simple_uart_put                          0x000158bf   Thumb Code    22  simple_uart.o(.text)
    simple_uart_putstring                    0x000158d5   Thumb Code    32  simple_uart.o(.text)
    simple_uart_config                       0x000158f5   Thumb Code    90  simple_uart.o(.text)
    RTC1_IRQHandler                          0x0001612f   Thumb Code    34  app_timer.o(.text)
    SWI0_IRQHandler                          0x00016151   Thumb Code     8  app_timer.o(.text)
    app_timer_init                           0x00016159   Thumb Code   246  app_timer.o(.text)
    app_timer_create                         0x0001624f   Thumb Code   108  app_timer.o(.text)
    app_timer_start                          0x000162dd   Thumb Code    98  app_timer.o(.text)
    app_timer_stop                           0x0001633f   Thumb Code    60  app_timer.o(.text)
    app_timer_stop_all                       0x0001637b   Thumb Code    26  app_timer.o(.text)
    app_timer_cnt_get                        0x00016395   Thumb Code    14  app_timer.o(.text)
    app_timer_cnt_diff_compute               0x000163a3   Thumb Code    22  app_timer.o(.text)
    nrf6350_lcd_clear                        0x00016491   Thumb Code    96  nrf6350.o(.text)
    nrf6350_lcd_set_contrast                 0x000164f1   Thumb Code    34  nrf6350.o(.text)
    nrf6350_lcd_on                           0x00016513   Thumb Code    30  nrf6350.o(.text)
    nrf6350_lcd_off                          0x00016531   Thumb Code    30  nrf6350.o(.text)
    nrf6350_lcd_wake_up                      0x000165d5   Thumb Code    44  nrf6350.o(.text)
    nrf6350_lcd_init                         0x00016601   Thumb Code   122  nrf6350.o(.text)
    nrf6350_lcd_write_string                 0x0001667b   Thumb Code   142  nrf6350.o(.text)
    nrf6350_js_get_value                     0x00016709   Thumb Code   102  nrf6350.o(.text)
    nrf6350_js_get_status                    0x0001676f   Thumb Code    46  nrf6350.o(.text)
    twi_master_init                          0x00016895   Thumb Code    60  twi_hw_master.o(.text)
    twi_master_transfer                      0x00016a63   Thumb Code    72  twi_hw_master.o(.text)
    timer2_init                              0x00016ad1   Thumb Code    74  ble_pwm.o(.text)
    gpiote_init                              0x00016b1b   Thumb Code    70  ble_pwm.o(.text)
    ppi_init                                 0x00016b61   Thumb Code     2  ble_pwm.o(.text)
    TIMER2_IRQHandler                        0x00016b63   Thumb Code    70  ble_pwm.o(.text)
    pwm_set                                  0x00016ba9   Thumb Code     6  ble_pwm.o(.text)
    pwm_init                                 0x00016baf   Thumb Code    20  ble_pwm.o(.text)
    __2snprintf                              0x00016c65   Thumb Code    50  noretval__2snprintf.o(.text)
    _printf_int_dec                          0x00016c9d   Thumb Code    90  _printf_dec.o(.text)
    __printf                                 0x00016d09   Thumb Code   190  __printf_ss.o(.text)
    __aeabi_memcpy                           0x00016dc7   Thumb Code   130  rt_memcpy.o(.text)
    __rt_memcpy                              0x00016dc7   Thumb Code     0  rt_memcpy.o(.text)
    _memset_w                                0x00016e49   Thumb Code    26  rt_memclr.o(.text)
    _memset                                  0x00016e63   Thumb Code    30  rt_memclr.o(.text)
    __aeabi_memclr                           0x00016e81   Thumb Code     4  rt_memclr.o(.text)
    __rt_memclr                              0x00016e81   Thumb Code     0  rt_memclr.o(.text)
    __aeabi_memclr4                          0x00016e85   Thumb Code     0  rt_memclr.o(.text)
    __aeabi_memclr8                          0x00016e85   Thumb Code     0  rt_memclr.o(.text)
    __rt_memclr_w                            0x00016e85   Thumb Code     4  rt_memclr.o(.text)
    __use_two_region_memory                  0x00016e89   Thumb Code     2  heapauxi.o(.text)
    __rt_heap_escrow$2region                 0x00016e8b   Thumb Code     2  heapauxi.o(.text)
    __rt_heap_expand$2region                 0x00016e8d   Thumb Code     2  heapauxi.o(.text)
    _printf_int_common                       0x00016e8f   Thumb Code   176  _printf_intcommon.o(.text)
    _printf_char_common                      0x00016f4b   Thumb Code    32  _printf_char_common.o(.text)
    _sputc                                   0x00016f71   Thumb Code    10  _sputc.o(.text)
    _snputc                                  0x00016f7b   Thumb Code    16  _snputc.o(.text)
    __rt_udiv10                              0x00016f8b   Thumb Code    40  rtudiv10.o(.text)
    __user_setup_stackheap                   0x00016fb3   Thumb Code    62  sys_stackheap_outer.o(.text)
    exit                                     0x00016ff1   Thumb Code    12  exit.o(.text)
    __user_libspace                          0x00016ffd   Thumb Code     8  libspace.o(.text)
    __user_perproc_libspace                  0x00016ffd   Thumb Code     0  libspace.o(.text)
    __user_perthread_libspace                0x00016ffd   Thumb Code     0  libspace.o(.text)
    _sys_exit                                0x00017005   Thumb Code     8  sys_exit.o(.text)
    __I$use$semihosting                      0x00017011   Thumb Code     0  use_no_semi.o(.text)
    __use_no_semihosting_swi                 0x00017011   Thumb Code     2  use_no_semi.o(.text)
    __semihosting_library_function           0x00017013   Thumb Code     0  indicate_semi.o(.text)
    Region$$Table$$Base                      0x00017028   Number         0  anon$$obj.o(Region$$Table)
    Region$$Table$$Limit                     0x00017048   Number         0  anon$$obj.o(Region$$Table)
    SystemCoreClock                          0x20002000   Data           4  system_nrf51.o(.data)
    __libspace_start                         0x20002384   Data          96  libspace.o(.bss)
    __temporary_stack_top$libspace           0x200023e4   Data           0  libspace.o(.bss)



==============================================================================

Memory Map of the image

  Image Entry point : 0x000140c1

  Load Region LR_IROM1 (Base: 0x00014000, Size: 0x000030c4, Max: 0x0002b000, ABSOLUTE)

    Execution Region ER_IROM1 (Base: 0x00014000, Size: 0x00003048, Max: 0x0002b000, ABSOLUTE)

    Base Addr    Size         Type   Attr      Idx    E Section Name        Object

    0x00014000   0x000000c0   Data   RO            3    RESET               arm_startup_nrf51.o
    0x000140c0   0x00000008   Code   RO          692  * !!!main             c_p.l(__main.o)
    0x000140c8   0x0000003c   Code   RO          861    !!!scatter          c_p.l(__scatter.o)
    0x00014104   0x0000001a   Code   RO          863    !!handler_copy      c_p.l(__scatter_copy.o)
    0x0001411e   0x00000002   PAD
    0x00014120   0x0000001c   Code   RO          865    !!handler_zi        c_p.l(__scatter_zi.o)
    0x0001413c   0x00000002   Code   RO          681    .ARM.Collect$$_printf_percent$$00000000  c_p.l(_printf_percent.o)
    0x0001413e   0x0000000a   Code   RO          680    .ARM.Collect$$_printf_percent$$0000000A  c_p.l(_printf_u.o)
    0x00014148   0x00000004   Code   RO          703    .ARM.Collect$$_printf_percent$$00000017  c_p.l(_printf_percent_end.o)
    0x0001414c   0x00000002   Code   RO          733    .ARM.Collect$$libinit$$00000000  c_p.l(libinit.o)
    0x0001414e   0x00000004   Code   RO          740    .ARM.Collect$$libinit$$00000001  c_p.l(libinit2.o)
    0x00014152   0x00000000   Code   RO          744    .ARM.Collect$$libinit$$00000008  c_p.l(libinit2.o)
    0x00014152   0x00000000   Code   RO          746    .ARM.Collect$$libinit$$0000000A  c_p.l(libinit2.o)
    0x00014152   0x00000000   Code   RO          748    .ARM.Collect$$libinit$$0000000C  c_p.l(libinit2.o)
    0x00014152   0x00000000   Code   RO          751    .ARM.Collect$$libinit$$0000000F  c_p.l(libinit2.o)
    0x00014152   0x00000000   Code   RO          753    .ARM.Collect$$libinit$$00000011  c_p.l(libinit2.o)
    0x00014152   0x00000000   Code   RO          755    .ARM.Collect$$libinit$$00000013  c_p.l(libinit2.o)
    0x00014152   0x00000000   Code   RO          757    .ARM.Collect$$libinit$$00000015  c_p.l(libinit2.o)
    0x00014152   0x00000000   Code   RO          759    .ARM.Collect$$libinit$$00000017  c_p.l(libinit2.o)
    0x00014152   0x00000000   Code   RO          761    .ARM.Collect$$libinit$$00000019  c_p.l(libinit2.o)
    0x00014152   0x00000000   Code   RO          763    .ARM.Collect$$libinit$$0000001B  c_p.l(libinit2.o)
    0x00014152   0x00000000   Code   RO          765    .ARM.Collect$$libinit$$0000001D  c_p.l(libinit2.o)
    0x00014152   0x00000000   Code   RO          767    .ARM.Collect$$libinit$$0000001F  c_p.l(libinit2.o)
    0x00014152   0x00000000   Code   RO          769    .ARM.Collect$$libinit$$00000021  c_p.l(libinit2.o)
    0x00014152   0x00000000   Code   RO          771    .ARM.Collect$$libinit$$00000023  c_p.l(libinit2.o)
    0x00014152   0x00000000   Code   RO          775    .ARM.Collect$$libinit$$0000002A  c_p.l(libinit2.o)
    0x00014152   0x00000000   Code   RO          777    .ARM.Collect$$libinit$$0000002C  c_p.l(libinit2.o)
    0x00014152   0x00000000   Code   RO          779    .ARM.Collect$$libinit$$0000002E  c_p.l(libinit2.o)
    0x00014152   0x00000000   Code   RO          781    .ARM.Collect$$libinit$$00000030  c_p.l(libinit2.o)
    0x00014152   0x00000002   Code   RO          782    .ARM.Collect$$libinit$$00000031  c_p.l(libinit2.o)
    0x00014154   0x00000002   Code   RO          802    .ARM.Collect$$libshutdown$$00000000  c_p.l(libshutdown.o)
    0x00014156   0x00000000   Code   RO          816    .ARM.Collect$$libshutdown$$00000003  c_p.l(libshutdown2.o)
    0x00014156   0x00000000   Code   RO          819    .ARM.Collect$$libshutdown$$00000006  c_p.l(libshutdown2.o)
    0x00014156   0x00000000   Code   RO          822    .ARM.Collect$$libshutdown$$00000009  c_p.l(libshutdown2.o)
    0x00014156   0x00000000   Code   RO          824    .ARM.Collect$$libshutdown$$0000000B  c_p.l(libshutdown2.o)
    0x00014156   0x00000000   Code   RO          827    .ARM.Collect$$libshutdown$$0000000E  c_p.l(libshutdown2.o)
    0x00014156   0x00000002   Code   RO          828    .ARM.Collect$$libshutdown$$0000000F  c_p.l(libshutdown2.o)
    0x00014158   0x00000000   Code   RO          694    .ARM.Collect$$rtentry$$00000000  c_p.l(rtentry.o)
    0x00014158   0x00000000   Code   RO          707    .ARM.Collect$$rtentry$$00000002  c_p.l(rtentry2.o)
    0x00014158   0x00000006   Code   RO          719    .ARM.Collect$$rtentry$$00000004  c_p.l(rtentry4.o)
    0x0001415e   0x00000000   Code   RO          709    .ARM.Collect$$rtentry$$00000009  c_p.l(rtentry2.o)
    0x0001415e   0x00000004   Code   RO          710    .ARM.Collect$$rtentry$$0000000A  c_p.l(rtentry2.o)
    0x00014162   0x00000000   Code   RO          712    .ARM.Collect$$rtentry$$0000000C  c_p.l(rtentry2.o)
    0x00014162   0x00000008   Code   RO          713    .ARM.Collect$$rtentry$$0000000D  c_p.l(rtentry2.o)
    0x0001416a   0x00000002   Code   RO          738    .ARM.Collect$$rtexit$$00000000  c_p.l(rtexit.o)
    0x0001416c   0x00000000   Code   RO          784    .ARM.Collect$$rtexit$$00000002  c_p.l(rtexit2.o)
    0x0001416c   0x00000004   Code   RO          785    .ARM.Collect$$rtexit$$00000003  c_p.l(rtexit2.o)
    0x00014170   0x00000006   Code   RO          786    .ARM.Collect$$rtexit$$00000004  c_p.l(rtexit2.o)
    0x00014176   0x00000002   PAD
    0x00014178   0x0000001e   Code   RO          476    .emb_text           simple_uart.o
    0x00014196   0x00000002   PAD
    0x00014198   0x0000001e   Code   RO          509    .emb_text           app_timer.o
    0x000141b6   0x00000002   PAD
    0x000141b8   0x0000001e   Code   RO          551    .emb_text           nrf6350.o
    0x000141d6   0x00000002   PAD
    0x000141d8   0x0000001e   Code   RO          581    .emb_text           twi_hw_master.o
    0x000141f6   0x00000002   PAD
    0x000141f8   0x00000038   Code   RO          684    .emb_text           c_p.l(rt_memcpy.o)
    0x00014230   0x00000048   Code   RO            4    .text               arm_startup_nrf51.o
    0x00014278   0x000000e8   Code   RO           12    .text               system_nrf51.o
    0x00014360   0x000006a0   Code   RO           70    .text               main.o
    0x00014a00   0x00000388   Code   RO          287    .text               ble_nus.o
    0x00014d88   0x00000604   Code   RO          335    .text               ble_advdata.o
    0x0001538c   0x00000308   Code   RO          364    .text               ble_conn_params.o
    0x00015694   0x000001d4   Code   RO          406    .text               softdevice_handler.o
    0x00015868   0x0000011c   Code   RO          477    .text               simple_uart.o
    0x00015984   0x00000aec   Code   RO          510    .text               app_timer.o
    0x00016470   0x0000034c   Code   RO          552    .text               nrf6350.o
    0x000167bc   0x00000314   Code   RO          582    .text               twi_hw_master.o
    0x00016ad0   0x00000194   Code   RO          612    .text               ble_pwm.o
    0x00016c64   0x00000038   Code   RO          654    .text               c_p.l(noretval__2snprintf.o)
    0x00016c9c   0x0000006c   Code   RO          658    .text               c_p.l(_printf_dec.o)
    0x00016d08   0x000000be   Code   RO          663    .text               c_p.l(__printf_ss.o)
    0x00016dc6   0x00000082   Code   RO          685    .text               c_p.l(rt_memcpy.o)
    0x00016e48   0x00000040   Code   RO          688    .text               c_p.l(rt_memclr.o)
    0x00016e88   0x00000006   Code   RO          690    .text               c_p.l(heapauxi.o)
    0x00016e8e   0x000000b0   Code   RO          695    .text               c_p.l(_printf_intcommon.o)
    0x00016f3e   0x00000002   PAD
    0x00016f40   0x00000030   Code   RO          697    .text               c_p.l(_printf_char_common.o)
    0x00016f70   0x0000000a   Code   RO          699    .text               c_p.l(_sputc.o)
    0x00016f7a   0x00000010   Code   RO          701    .text               c_p.l(_snputc.o)
    0x00016f8a   0x00000028   Code   RO          704    .text               c_p.l(rtudiv10.o)
    0x00016fb2   0x0000003e   Code   RO          723    .text               c_p.l(sys_stackheap_outer.o)
    0x00016ff0   0x0000000c   Code   RO          726    .text               c_p.l(exit.o)
    0x00016ffc   0x00000008   Code   RO          734    .text               c_p.l(libspace.o)
    0x00017004   0x0000000c   Code   RO          794    .text               c_p.l(sys_exit.o)
    0x00017010   0x00000002   Code   RO          805    .text               c_p.l(use_no_semi.o)
    0x00017012   0x00000000   Code   RO          807    .text               c_p.l(indicate_semi.o)
    0x00017012   0x00000002   PAD
    0x00017014   0x00000004   Data   RO           72    .constdata          main.o
    0x00017018   0x00000010   Data   RO          288    .constdata          ble_nus.o
    0x00017028   0x00000020   Data   RO          859    Region$$Table       anon$$obj.o


    Execution Region RW_IRAM1 (Base: 0x20002000, Size: 0x000013e8, Max: 0x00002000, ABSOLUTE)

    Base Addr    Size         Type   Attr      Idx    E Section Name        Object

    0x20002000   0x00000004   Data   RW           13    .data               system_nrf51.o
    0x20002004   0x00000009   Data   RW           73    .data               main.o
    0x2000200d   0x00000003   PAD
    0x20002010   0x00000019   Data   RW          366    .data               ble_conn_params.o
    0x20002029   0x00000003   PAD
    0x2000202c   0x00000014   Data   RW          407    .data               softdevice_handler.o
    0x20002040   0x00000028   Data   RW          511    .data               app_timer.o
    0x20002068   0x00000012   Data   RW          554    .data               nrf6350.o
    0x2000207a   0x00000001   Data   RW          613    .data               ble_pwm.o
    0x2000207b   0x00000001   PAD
    0x2000207c   0x000002cc   Zero   RW           71    .bss                main.o
    0x20002348   0x0000001c   Zero   RW          365    .bss                ble_conn_params.o
    0x20002364   0x00000020   Zero   RW          553    .bss                nrf6350.o
    0x20002384   0x00000060   Zero   RW          735    .bss                c_p.l(libspace.o)
    0x200023e4   0x00000004   PAD
    0x200023e8   0x00000800   Zero   RW            2    HEAP                arm_startup_nrf51.o
    0x20002be8   0x00000800   Zero   RW            1    STACK               arm_startup_nrf51.o


==============================================================================

Image component sizes


      Code (inc. data)   RO Data    RW Data    ZI Data      Debug   Object Name

      2826        184          0         40          0      24533   app_timer.o
        72         32        192          0       4096        764   arm_startup_nrf51.o
      1540          6          0          0          0      11010   ble_advdata.o
       776         38          0         25         28       7666   ble_conn_params.o
       904         10         16          0          0      34262   ble_nus.o
       404         40          0          1          0       8670   ble_pwm.o
         0          0          0          0          0      16192   ble_srv_common.o
      1696        132          4          9        716      69471   main.o
       874         32          0         18         32       4865   nrf6350.o
       314         16          0          0          0       5108   simple_uart.o
       468         86          0         20          0      23000   softdevice_handler.o
       232         30          0          4          0      22141   system_nrf51.o
       818         38          0          0          0       3238   twi_hw_master.o

    ----------------------------------------------------------------------
     10932        644        244        124       4872     230920   Object Totals
         0          0         32          0          0          0   (incl. Generated)
         8          0          0          7          0          0   (incl. Padding)

    ----------------------------------------------------------------------

      Code (inc. data)   RO Data    RW Data    ZI Data      Debug   Library Member Name

         8          0          0          0          0         68   __main.o
       190          0          0          0          0         76   __printf_ss.o
        60          8          0          0          0          0   __scatter.o
        26          0          0          0          0          0   __scatter_copy.o
        28          0          0          0          0          0   __scatter_zi.o
        48          6          0          0          0         88   _printf_char_common.o
       108         18          0          0          0         76   _printf_dec.o
       176          0          0          0          0         84   _printf_intcommon.o
         2          0          0          0          0          0   _printf_percent.o
         4          0          0          0          0          0   _printf_percent_end.o
        10          0          0          0          0          0   _printf_u.o
        16          0          0          0          0         60   _snputc.o
        10          0          0          0          0         60   _sputc.o
        12          0          0          0          0         64   exit.o
         6          0          0          0          0        136   heapauxi.o
         0          0          0          0          0          0   indicate_semi.o
         2          0          0          0          0          0   libinit.o
         6          0          0          0          0          0   libinit2.o
         2          0          0          0          0          0   libshutdown.o
         2          0          0          0          0          0   libshutdown2.o
         8          4          0          0         96         68   libspace.o
        56          6          0          0          0         84   noretval__2snprintf.o
        64          0          0          0          0        108   rt_memclr.o
       186          0          0          0          0        144   rt_memcpy.o
         0          0          0          0          0          0   rtentry.o
        12          0          0          0          0          0   rtentry2.o
         6          0          0          0          0          0   rtentry4.o
         2          0          0          0          0          0   rtexit.o
        10          0          0          0          0          0   rtexit2.o
        40          0          0          0          0         60   rtudiv10.o
        12          4          0          0          0         60   sys_exit.o
        62          0          0          0          0         80   sys_stackheap_outer.o
         2          0          0          0          0         68   use_no_semi.o

    ----------------------------------------------------------------------
      1184         46          0          0        100       1384   Library Totals
         8          0          0          0          4          0   (incl. Padding)

    ----------------------------------------------------------------------

      Code (inc. data)   RO Data    RW Data    ZI Data      Debug   Library Name

      1176         46          0          0         96       1384   c_p.l

    ----------------------------------------------------------------------
      1184         46          0          0        100       1384   Library Totals

    ----------------------------------------------------------------------

==============================================================================


      Code (inc. data)   RO Data    RW Data    ZI Data      Debug   

     12116        690        244        124       4972     230808   Grand Totals
     12116        690        244        124       4972     230808   ELF Image Totals
     12116        690        244        124          0          0   ROM Totals

==============================================================================

    Total RO  Size (Code + RO Data)                12360 (  12.07kB)
    Total RW  Size (RW Data + ZI Data)              5096 (   4.98kB)
    Total ROM Size (Code + RO Data + RW Data)      12484 (  12.19kB)

==============================================================================

