<html>
<body>
<pre>
<h1>µVision Build Log</h1>
<h2>Project:</h2>
C:\Development\BLE\nrf51_sdk\nrf51822\Board\pca10001\s110\experimental\ble_app_uart\arm\ble_app_uart.uvproj
Project File Date:  03/10/2014

<h2>Output:</h2>
Build target 'nrf51822_xxaa_s110 (256K)'
linking...
Program Size: Code=9304 RO-data=244 RW-data=104 ZI-data=4936  
FromELF: creating hex file...
".\_build\ble_app_uart.axf" - 0 Error(s), 0 Warning(s).
</pre>
</body>
</html>
ams.c...
compiling softdevice_handler.c...
compiling simple_uart.c...
compiling app_timer.c...
compiling nRF6350.c...
linking...
.\_build\ble_app_uart.axf: Error: L6218E: Undefined symbol twi_master_init (referred from nrf6350.o).
.\_build\ble_app_uart.axf: Error: L6218E: Undefined symbol twi_master_transfer (referred from nrf6350.o).
Not enough information to list image symbols.
Finished: 1 information, 0 warning and 2 error messages.
".\_build\ble_app_uart.axf" - 2 Error(s), 0 Warning(s).
Target not created
 created
ink Info: Device "NRF51822_XXAA" selected (257 KB flash, 16 KB RAM).
 
JLink info:
------------
DLL: V4.80g, compiled Feb 13 2014 20:50:02
Firmware: J-Link Lite-Cortex-M V8 compiled Aug 29 2012 15:24:23
Hardware: V8.00
S/N : 518006017 
Feature(s) : GDB 
 
* JLink Info: Found SWD-DP with ID 0x0BB11477
* JLink Info: Found Cortex-M0 r0p0, Little endian.
* JLink Info: FPUnit: 4 code (BP) slots and 0 literal slots
ROMTableAddr = 0xE00FF003
 
Target info:
------------
Device: nRF51822_xxAA
VTarget = 3.287V
State of Pins: 
TCK: 0, TDI: 0, TDO: 1, TMS: 1, TRES: 1, TRST: 1
Hardware-Breakpoints: 4
Software-Breakpoints: 8192
Watchpoints:          2
JTAG speed: 2000 kHz
 
Erase Done.
Programming Done.
Verify OK.
Application running ...
Load "C:\\Development\\BLE\\nrf51_sdk\\nrf51822\\Board\\pca10001\\s110\\experimental\\ble_app_uart\\arm\\_build\\ble_app_uart.axf" 
Set JLink Project File to "C:\Development\BLE\nrf51_sdk\nrf51822\Board\pca10001\s110\experimental\ble_app_uart\arm\JLinkSettings.ini"
* JLink Info: Device "NRF51822_XXAA" selected (257 KB flash, 16 KB RAM).
 
JLink info:
------------
DLL: V4.80g, compiled Feb 13 2014 20:50:02
Firmware: J-Link OB-SAM3U128 V1 compiled Dec 11 2013 20:20:11
Hardware: V1.00
S/N : 480108425 
 
* JLink Info: Found SWD-DP with ID 0x0BB11477
* JLink Info: Found Cortex-M0 r0p0, Little endian.
* JLink Info: FPUnit: 4 code (BP) slots and 0 literal slots
ROMTableAddr = 0xE00FF003
 
Target info:
------------
Device: nRF51822_xxAA
VTarget = 3.300V
State of Pins: 
TCK: 0, TDI: 0, TDO: 1, TMS: 1, TRES: 1, TRST: 1
Hardware-Breakpoints: 4
Software-Breakpoints: 8192
Watchpoints:          2
JTAG speed: 2000 kHz
 
Erase Failed!
Error: Flash Download failed  -  "Cortex-M0"
Load "C:\\Development\\BLE\\nrf51_sdk\\nrf51822\\Board\\pca10001\\s110\\experimental\\ble_app_uart\\arm\\_build\\ble_app_uart.axf" 
Set JLink Project File to "C:\Development\BLE\nrf51_sdk\nrf51822\Board\pca10001\s110\experimental\ble_app_uart\arm\JLinkSettings.ini"
* JLink Info: Device "NRF51822_XXAA" selected (257 KB flash, 16 KB RAM).
 
JLink info:
------------
DLL: V4.80g, compiled Feb 13 2014 20:50:02
Firmware: J-Link OB-SAM3U128 V1 compiled Dec 11 2013 20:20:11
Hardware: V1.00
S/N : 480108425 
 
* JLink Info: Found SWD-DP with ID 0x0BB11477
* JLink Info: Found Cortex-M0 r0p0, Little endian.
* JLink Info: FPUnit: 4 code (BP) slots and 0 literal slots
ROMTableAddr = 0xE00FF003
 
Target info:
------------
Device: nRF51822_xxAA
VTarget = 3.300V
State of Pins: 
TCK: 0, TDI: 0, TDO: 1, TMS: 1, TRES: 1, TRST: 1
Hardware-Breakpoints: 4
Software-Breakpoints: 8192
Watchpoints:          2
JTAG speed: 2000 kHz
 
Erase Failed!
Error: Flash Download failed  -  "Cortex-M0"
Load "C:\\Development\\BLE\\nrf51_sdk\\nrf51822\\Board\\pca10001\\s110\\experimental\\ble_app_uart\\arm\\_build\\ble_app_uart.axf" 
Set JLink Project File to "C:\Development\BLE\nrf51_sdk\nrf51822\Board\pca10001\s110\experimental\ble_app_uart\arm\JLinkSettings.ini"
* JLink Info: Device "NRF51822_XXAA" selected (257 KB flash, 16 KB RAM).
 
JLink info:
------------
DLL: V4.80g, compiled Feb 13 2014 20:50:02
Firmware: J-Link OB-SAM3U128 V1 compiled Dec 11 2013 20:20:11
Hardware: V1.00
S/N : 480108425 
 
* JLink Info: Found SWD-DP with ID 0x0BB11477
* JLink Info: Found Cortex-M0 r0p0, Little endian.
* JLink Info: FPUnit: 4 code (BP) slots and 0 literal slots
ROMTableAddr = 0xE00FF003
 
Target info:
------------
Device: nRF51822_xxAA
VTarget = 3.300V
State of Pins: 
TCK: 0, TDI: 0, TDO: 1, TMS: 1, TRES: 1, TRST: 1
Hardware-Breakpoints: 4
Software-Breakpoints: 8192
Watchpoints:          2
JTAG speed: 2000 kHz
 
Erase Failed!
Error: Flash Download failed  -  "Cortex-M0"
Load "C:\\Development\\BLE\\nrf51_sdk\\nrf51822\\Board\\pca10001\\s110\\experimental\\ble_app_uart\\arm\\_build\\ble_app_uart.axf" 
Set JLink Project File to "C:\Development\BLE\nrf51_sdk\nrf51822\Board\pca10001\s110\experimental\ble_app_uart\arm\JLinkSettings.ini"
* JLink Info: Device "NRF51822_XXAA" selected (257 KB flash, 16 KB RAM).
 
JLink info:
------------
DLL: V4.80g, compiled Feb 13 2014 20:50:02
Firmware: J-Link Lite-Cortex-M V8 compiled Aug 29 2012 15:24:23
Hardware: V8.00
S/N : 518006017 
Feature(s) : GDB 
 
* JLink Info: Found SWD-DP with ID 0x0BB11477
* JLink Info: Found Cortex-M0 r0p0, Little endian.
* JLink Info: FPUnit: 4 code (BP) slots and 0 literal slots
ROMTableAddr = 0xE00FF003
 
Target info:
------------
Device: nRF51822_xxAA
VTarget = 3.287V
State of Pins: 
TCK: 0, TDI: 0, TDO: 1, TMS: 1, TRES: 1, TRST: 1
Hardware-Breakpoints: 4
Software-Breakpoints: 8192
Watchpoints:          2
JTAG speed: 2000 kHz
 
Erase Done.
Programming Done.
Verify OK.
Application running ...
